[0m15:07:12.875795 [debug] [MainThread]: Sending event: {'category': 'dbt', 'action': 'invocation', 'label': 'start', 'context': [<snowplow_tracker.self_describing_json.SelfDescribingJson object at 0x00000246485D3F90>, <snowplow_tracker.self_describing_json.SelfDescribingJson object at 0x00000246475F2E50>, <snowplow_tracker.self_describing_json.SelfDescribingJson object at 0x00000246485D1C90>]}


============================== 15:07:12.881015 | bd362f5e-7a13-43aa-9a4e-4be5d8167f03 ==============================
[0m15:07:12.881015 [info ] [MainThread]: Running with dbt=1.10.15
[0m15:07:12.882171 [debug] [MainThread]: running dbt with arguments {'cache_selected_only': 'False', 'profiles_dir': 'C:\\Users\\sammy\\projects\\portfolio\\weather_cheddr-weddr\\dbt\\cheddr_weddr', 'target_path': 'None', 'no_print': 'None', 'use_colors': 'True', 'warn_error': 'None', 'log_path': 'C:\\Users\\sammy\\projects\\portfolio\\weather_cheddr-weddr\\dbt\\cheddr_weddr\\logs', 'partial_parse': 'True', 'static_parser': 'True', 'send_anonymous_usage_stats': 'True', 'indirect_selection': 'eager', 'warn_error_options': 'WarnErrorOptionsV2(error=[], warn=[], silence=[])', 'fail_fast': 'False', 'use_experimental_parser': 'False', 'version_check': 'True', 'quiet': 'False', 'introspect': 'True', 'empty': 'None', 'log_cache_events': 'False', 'debug': 'False', 'log_format': 'default', 'invocation_command': 'dbt deps', 'printer_width': '80', 'write_json': 'True'}
[0m15:07:13.103455 [debug] [MainThread]: Sending event: {'category': 'dbt', 'action': 'project_id', 'label': 'bd362f5e-7a13-43aa-9a4e-4be5d8167f03', 'context': [<snowplow_tracker.self_describing_json.SelfDescribingJson object at 0x0000024648712250>]}
[0m15:07:13.145317 [debug] [MainThread]: Set downloads directory='C:\Users\sammy\AppData\Local\Temp\dbt-downloads-qg_4d1p3'
[0m15:07:13.147681 [debug] [MainThread]: Making package index registry request: GET https://hub.getdbt.com/api/v1/index.json
[0m15:07:13.862780 [debug] [MainThread]: Response from registry index: GET https://hub.getdbt.com/api/v1/index.json 200
[0m15:07:13.865326 [debug] [MainThread]: Making package registry request: GET https://hub.getdbt.com/api/v1/Snowflake-Labs/dbt_constraints.json
[0m15:07:14.540875 [debug] [MainThread]: Response from registry: GET https://hub.getdbt.com/api/v1/Snowflake-Labs/dbt_constraints.json 200
[0m15:07:14.550529 [info ] [MainThread]: Installing Snowflake-Labs/dbt_constraints
[0m15:07:15.860925 [info ] [MainThread]: Installed from version 1.0.6
[0m15:07:15.862988 [info ] [MainThread]: Updated version available: 1.0.7
[0m15:07:15.866000 [debug] [MainThread]: Sending event: {'category': 'dbt', 'action': 'package', 'label': 'bd362f5e-7a13-43aa-9a4e-4be5d8167f03', 'property_': 'install', 'context': [<snowplow_tracker.self_describing_json.SelfDescribingJson object at 0x0000024648772510>, <snowplow_tracker.self_describing_json.SelfDescribingJson object at 0x00000246487A7690>]}
[0m15:07:15.868014 [info ] [MainThread]: 
[0m15:07:15.872615 [info ] [MainThread]: Updates available for packages: ['Snowflake-Labs/dbt_constraints']                 
Update your versions in packages.yml, then run dbt deps
[0m15:07:15.879431 [debug] [MainThread]: Command `dbt deps` succeeded at 15:07:15.878260 after 3.10 seconds
[0m15:07:15.882353 [debug] [MainThread]: Sending event: {'category': 'dbt', 'action': 'invocation', 'label': 'end', 'context': [<snowplow_tracker.self_describing_json.SelfDescribingJson object at 0x0000024647390FD0>, <snowplow_tracker.self_describing_json.SelfDescribingJson object at 0x0000024648623B90>, <snowplow_tracker.self_describing_json.SelfDescribingJson object at 0x00000246407DAAD0>]}
[0m15:07:15.884368 [debug] [MainThread]: Flushing usage events
[0m15:07:16.916959 [debug] [MainThread]: An error was encountered while trying to flush usage events
[0m15:07:44.381543 [debug] [MainThread]: Sending event: {'category': 'dbt', 'action': 'invocation', 'label': 'start', 'context': [<snowplow_tracker.self_describing_json.SelfDescribingJson object at 0x000001A5646C6050>, <snowplow_tracker.self_describing_json.SelfDescribingJson object at 0x000001A5646C4750>, <snowplow_tracker.self_describing_json.SelfDescribingJson object at 0x000001A5646C7C90>]}


============================== 15:07:44.387121 | f824f6f9-1112-4ce4-9c16-205923556c2b ==============================
[0m15:07:44.387121 [info ] [MainThread]: Running with dbt=1.10.15
[0m15:07:44.388158 [debug] [MainThread]: running dbt with arguments {'target_path': 'None', 'invocation_command': 'dbt deps', 'cache_selected_only': 'False', 'profiles_dir': 'C:\\Users\\sammy\\projects\\portfolio\\weather_cheddr-weddr\\dbt\\cheddr_weddr', 'no_print': 'None', 'warn_error': 'None', 'static_parser': 'True', 'fail_fast': 'False', 'log_path': 'C:\\Users\\sammy\\projects\\portfolio\\weather_cheddr-weddr\\dbt\\cheddr_weddr\\logs', 'send_anonymous_usage_stats': 'True', 'indirect_selection': 'eager', 'warn_error_options': 'WarnErrorOptionsV2(error=[], warn=[], silence=[])', 'partial_parse': 'True', 'version_check': 'True', 'use_experimental_parser': 'False', 'introspect': 'True', 'quiet': 'False', 'empty': 'None', 'log_cache_events': 'False', 'debug': 'False', 'log_format': 'default', 'use_colors': 'True', 'printer_width': '80', 'write_json': 'True'}
[0m15:07:44.675018 [debug] [MainThread]: Sending event: {'category': 'dbt', 'action': 'project_id', 'label': 'f824f6f9-1112-4ce4-9c16-205923556c2b', 'context': [<snowplow_tracker.self_describing_json.SelfDescribingJson object at 0x000001A564817FD0>]}
[0m15:07:44.749796 [debug] [MainThread]: Set downloads directory='C:\Users\sammy\AppData\Local\Temp\dbt-downloads-itspz9kf'
[0m15:07:44.750815 [debug] [MainThread]: Making package index registry request: GET https://hub.getdbt.com/api/v1/index.json
[0m15:07:45.643964 [debug] [MainThread]: Response from registry index: GET https://hub.getdbt.com/api/v1/index.json 200
[0m15:07:45.647000 [debug] [MainThread]: Making package registry request: GET https://hub.getdbt.com/api/v1/Snowflake-Labs/dbt_constraints.json
[0m15:07:46.383314 [debug] [MainThread]: Response from registry: GET https://hub.getdbt.com/api/v1/Snowflake-Labs/dbt_constraints.json 200
[0m15:07:46.388169 [info ] [MainThread]: Installing Snowflake-Labs/dbt_constraints
[0m15:07:47.780338 [info ] [MainThread]: Installed from version 1.0.6
[0m15:07:47.781853 [info ] [MainThread]: Updated version available: 1.0.7
[0m15:07:47.783480 [debug] [MainThread]: Sending event: {'category': 'dbt', 'action': 'package', 'label': 'f824f6f9-1112-4ce4-9c16-205923556c2b', 'property_': 'install', 'context': [<snowplow_tracker.self_describing_json.SelfDescribingJson object at 0x000001A564863190>, <snowplow_tracker.self_describing_json.SelfDescribingJson object at 0x000001A563480B50>]}
[0m15:07:47.785729 [info ] [MainThread]: 
[0m15:07:47.792844 [info ] [MainThread]: Updates available for packages: ['Snowflake-Labs/dbt_constraints']                 
Update your versions in packages.yml, then run dbt deps
[0m15:07:47.801829 [debug] [MainThread]: Command `dbt deps` succeeded at 15:07:47.801829 after 3.55 seconds
[0m15:07:47.804310 [debug] [MainThread]: Sending event: {'category': 'dbt', 'action': 'invocation', 'label': 'end', 'context': [<snowplow_tracker.self_describing_json.SelfDescribingJson object at 0x000001A5636E3F90>, <snowplow_tracker.self_describing_json.SelfDescribingJson object at 0x000001A5636E3850>, <snowplow_tracker.self_describing_json.SelfDescribingJson object at 0x000001A55C8DAAD0>]}
[0m15:07:47.806658 [debug] [MainThread]: Flushing usage events
[0m15:07:48.863389 [debug] [MainThread]: An error was encountered while trying to flush usage events
[0m15:12:01.479676 [debug] [MainThread]: Sending event: {'category': 'dbt', 'action': 'invocation', 'label': 'start', 'context': [<snowplow_tracker.self_describing_json.SelfDescribingJson object at 0x000001B20B8C6B90>, <snowplow_tracker.self_describing_json.SelfDescribingJson object at 0x000001B20B8C7010>, <snowplow_tracker.self_describing_json.SelfDescribingJson object at 0x000001B20B8C47D0>]}


============================== 15:12:01.484883 | 060f3c0c-72b5-4b02-9e7f-0c68ed57334b ==============================
[0m15:12:01.484883 [info ] [MainThread]: Running with dbt=1.10.15
[0m15:12:01.485879 [debug] [MainThread]: running dbt with arguments {'invocation_command': 'dbt run', 'target_path': 'None', 'log_format': 'default', 'printer_width': '80', 'no_print': 'None', 'warn_error': 'None', 'indirect_selection': 'eager', 'partial_parse': 'True', 'log_path': 'C:\\Users\\sammy\\projects\\portfolio\\weather_cheddr-weddr\\dbt\\cheddr_weddr\\logs', 'send_anonymous_usage_stats': 'True', 'fail_fast': 'False', 'warn_error_options': 'WarnErrorOptionsV2(error=[], warn=[], silence=[])', 'static_parser': 'True', 'use_experimental_parser': 'False', 'version_check': 'True', 'introspect': 'True', 'quiet': 'False', 'empty': 'False', 'log_cache_events': 'False', 'debug': 'False', 'profiles_dir': 'C:\\Users\\sammy\\projects\\portfolio\\weather_cheddr-weddr\\dbt\\cheddr_weddr', 'use_colors': 'True', 'cache_selected_only': 'False', 'write_json': 'True'}
[0m15:12:02.324505 [debug] [MainThread]: Sending event: {'category': 'dbt', 'action': 'project_id', 'label': '060f3c0c-72b5-4b02-9e7f-0c68ed57334b', 'context': [<snowplow_tracker.self_describing_json.SelfDescribingJson object at 0x000001B20C8AF8D0>]}
[0m15:12:02.403894 [debug] [MainThread]: Sending event: {'category': 'dbt', 'action': 'adapter_info', 'label': '060f3c0c-72b5-4b02-9e7f-0c68ed57334b', 'context': [<snowplow_tracker.self_describing_json.SelfDescribingJson object at 0x000001B20986BB90>]}
[0m15:12:02.407097 [info ] [MainThread]: Registered adapter: snowflake=1.10.2
[0m15:12:02.839337 [debug] [MainThread]: checksum: 14a228079bd6df63ba81633f9a3cf44ecfaa31056ac397c602753ec895dbf885, vars: {}, profile: , target: , version: 1.10.15
[0m15:12:03.085126 [debug] [MainThread]: Partial parsing enabled: 0 files deleted, 0 files added, 0 files changed.
[0m15:12:03.086090 [debug] [MainThread]: Partial parsing enabled, no changes found, skipping parsing
[0m15:12:03.178882 [debug] [MainThread]: Sending event: {'category': 'dbt', 'action': 'load_project', 'label': '060f3c0c-72b5-4b02-9e7f-0c68ed57334b', 'context': [<snowplow_tracker.self_describing_json.SelfDescribingJson object at 0x000001B20CE121D0>]}
[0m15:12:03.340744 [debug] [MainThread]: Wrote artifact WritableManifest to C:\Users\sammy\projects\portfolio\weather_cheddr-weddr\dbt\cheddr_weddr\target\manifest.json
[0m15:12:03.343782 [debug] [MainThread]: Wrote artifact SemanticManifest to C:\Users\sammy\projects\portfolio\weather_cheddr-weddr\dbt\cheddr_weddr\target\semantic_manifest.json
[0m15:12:03.386015 [debug] [MainThread]: Sending event: {'category': 'dbt', 'action': 'resource_counts', 'label': '060f3c0c-72b5-4b02-9e7f-0c68ed57334b', 'context': [<snowplow_tracker.self_describing_json.SelfDescribingJson object at 0x000001B20C9FFE10>]}
[0m15:12:03.386979 [info ] [MainThread]: Found 13 models, 1 seed, 1 operation, 12 data tests, 4 sources, 602 macros
[0m15:12:03.388984 [debug] [MainThread]: Sending event: {'category': 'dbt', 'action': 'runnable_timing', 'label': '060f3c0c-72b5-4b02-9e7f-0c68ed57334b', 'context': [<snowplow_tracker.self_describing_json.SelfDescribingJson object at 0x000001B2073AF0D0>]}
[0m15:12:03.391560 [info ] [MainThread]: 
[0m15:12:03.392603 [info ] [MainThread]: Concurrency: 4 threads (target='dev')
[0m15:12:03.393569 [info ] [MainThread]: 
[0m15:12:03.395570 [debug] [MainThread]: Acquiring new snowflake connection 'master'
[0m15:12:03.402301 [debug] [ThreadPool]: Acquiring new snowflake connection 'list_DEV'
[0m15:12:03.513918 [debug] [ThreadPool]: Using snowflake connection "list_DEV"
[0m15:12:03.514920 [debug] [ThreadPool]: On list_DEV: show terse schemas in database DEV
    limit 10000
/* {"app": "dbt", "dbt_version": "1.10.15", "profile_name": "cheddr_weddr", "target_name": "dev", "connection_name": "list_DEV"} */
[0m15:12:03.514920 [debug] [ThreadPool]: Opening a new connection, currently in state init
[0m15:12:05.294272 [debug] [ThreadPool]: SQL status: SUCCESS 3 in 1.779 seconds
[0m15:12:05.298536 [debug] [ThreadPool]: Acquiring new snowflake connection 'list_DEV_CHEDDR_WEDDR'
[0m15:12:05.326938 [debug] [ThreadPool]: Using snowflake connection "list_DEV_CHEDDR_WEDDR"
[0m15:12:05.327922 [debug] [ThreadPool]: On list_DEV_CHEDDR_WEDDR: show objects in DEV.CHEDDR_WEDDR
    limit 10000
    

/* {"app": "dbt", "dbt_version": "1.10.15", "profile_name": "cheddr_weddr", "target_name": "dev", "connection_name": "list_DEV_CHEDDR_WEDDR"} */;
[0m15:12:05.328922 [debug] [ThreadPool]: Opening a new connection, currently in state init
[0m15:12:06.700365 [debug] [ThreadPool]: SQL status: SUCCESS 14 in 1.371 seconds
[0m15:12:06.715219 [debug] [MainThread]: Sending event: {'category': 'dbt', 'action': 'runnable_timing', 'label': '060f3c0c-72b5-4b02-9e7f-0c68ed57334b', 'context': [<snowplow_tracker.self_describing_json.SelfDescribingJson object at 0x000001B20D0A7490>]}
[0m15:12:06.728565 [debug] [Thread-1 (]: Began running node model.cheddr_weddr.dim__locations
[0m15:12:06.729628 [debug] [Thread-2 (]: Began running node model.cheddr_weddr.stg__air_quality
[0m15:12:06.730590 [debug] [Thread-3 (]: Began running node model.cheddr_weddr.stg__flood
[0m15:12:06.732640 [debug] [Thread-4 (]: Began running node model.cheddr_weddr.stg__satellite_radiation
[0m15:12:06.734276 [info ] [Thread-1 (]: 1 of 13 START sql table model CHEDDR_WEDDR.dim__locations ...................... [RUN]
[0m15:12:06.736727 [info ] [Thread-2 (]: 2 of 13 START sql view model CHEDDR_WEDDR.stg__air_quality ..................... [RUN]
[0m15:12:06.739094 [info ] [Thread-3 (]: 3 of 13 START sql view model CHEDDR_WEDDR.stg__flood ........................... [RUN]
[0m15:12:06.740789 [info ] [Thread-4 (]: 4 of 13 START sql view model CHEDDR_WEDDR.stg__satellite_radiation ............. [RUN]
[0m15:12:06.741854 [debug] [Thread-1 (]: Acquiring new snowflake connection 'model.cheddr_weddr.dim__locations'
[0m15:12:06.743812 [debug] [Thread-2 (]: Acquiring new snowflake connection 'model.cheddr_weddr.stg__air_quality'
[0m15:12:06.745127 [debug] [Thread-3 (]: Acquiring new snowflake connection 'model.cheddr_weddr.stg__flood'
[0m15:12:06.746464 [debug] [Thread-4 (]: Acquiring new snowflake connection 'model.cheddr_weddr.stg__satellite_radiation'
[0m15:12:06.747822 [debug] [Thread-1 (]: Began compiling node model.cheddr_weddr.dim__locations
[0m15:12:06.749376 [debug] [Thread-2 (]: Began compiling node model.cheddr_weddr.stg__air_quality
[0m15:12:06.750993 [debug] [Thread-3 (]: Began compiling node model.cheddr_weddr.stg__flood
[0m15:12:06.751990 [debug] [Thread-4 (]: Began compiling node model.cheddr_weddr.stg__satellite_radiation
[0m15:12:06.764473 [debug] [Thread-1 (]: Writing injected SQL for node "model.cheddr_weddr.dim__locations"
[0m15:12:06.768807 [debug] [Thread-2 (]: Writing injected SQL for node "model.cheddr_weddr.stg__air_quality"
[0m15:12:06.773181 [debug] [Thread-3 (]: Writing injected SQL for node "model.cheddr_weddr.stg__flood"
[0m15:12:06.777168 [debug] [Thread-4 (]: Writing injected SQL for node "model.cheddr_weddr.stg__satellite_radiation"
[0m15:12:06.778862 [debug] [Thread-1 (]: Began executing node model.cheddr_weddr.dim__locations
[0m15:12:06.778862 [debug] [Thread-2 (]: Began executing node model.cheddr_weddr.stg__air_quality
[0m15:12:06.780982 [debug] [Thread-3 (]: Began executing node model.cheddr_weddr.stg__flood
[0m15:12:06.843083 [debug] [Thread-1 (]: Using snowflake connection "model.cheddr_weddr.dim__locations"
[0m15:12:06.867230 [debug] [Thread-2 (]: Writing runtime sql for node "model.cheddr_weddr.stg__air_quality"
[0m15:12:06.868234 [debug] [Thread-4 (]: Began executing node model.cheddr_weddr.stg__satellite_radiation
[0m15:12:06.872739 [debug] [Thread-3 (]: Writing runtime sql for node "model.cheddr_weddr.stg__flood"
[0m15:12:06.873704 [debug] [Thread-1 (]: On model.cheddr_weddr.dim__locations: select * from (
        with

src as (

    select
        location_id::number as location_id,
        city::varchar as city,
        country::varchar as country,
        longitude::float as longitude,
        latitude::float as latitude

    from DEV.CHEDDR_WEDDR.seed__locations

)

select * from src
    ) as __dbt_sbq
    where false
    limit 0
/* {"app": "dbt", "dbt_version": "1.10.15", "profile_name": "cheddr_weddr", "target_name": "dev", "node_id": "model.cheddr_weddr.dim__locations"} */
/* {"app": "dbt", "dbt_version": "1.10.15", "profile_name": "cheddr_weddr", "target_name": "dev", "node_id": "model.cheddr_weddr.dim__locations"} */
[0m15:12:06.878437 [debug] [Thread-4 (]: Writing runtime sql for node "model.cheddr_weddr.stg__satellite_radiation"
[0m15:12:06.879408 [debug] [Thread-2 (]: Using snowflake connection "model.cheddr_weddr.stg__air_quality"
[0m15:12:06.880401 [debug] [Thread-1 (]: Opening a new connection, currently in state init
[0m15:12:06.881822 [debug] [Thread-3 (]: Using snowflake connection "model.cheddr_weddr.stg__flood"
[0m15:12:06.882820 [debug] [Thread-2 (]: On model.cheddr_weddr.stg__air_quality: create or replace   view DEV.CHEDDR_WEDDR.stg__air_quality
  
  
  
  
  as (
    with

src as (

    select *

    from raw.cheddr_weddr.air_quality

),

final as (

    select
        w.location_ids[f.index]::number as location_id,
        w.date::date as data_date,
        w.load_ts,
        f.value:hourly as hourly,
        f.value:hourly_units as hourly_units

    from src as w,
        lateral flatten(input => w.payload) as f

)

select * from final
  )
/* {"app": "dbt", "dbt_version": "1.10.15", "profile_name": "cheddr_weddr", "target_name": "dev", "node_id": "model.cheddr_weddr.stg__air_quality"} */;
[0m15:12:06.884331 [debug] [Thread-4 (]: Using snowflake connection "model.cheddr_weddr.stg__satellite_radiation"
[0m15:12:06.885424 [debug] [Thread-3 (]: On model.cheddr_weddr.stg__flood: create or replace   view DEV.CHEDDR_WEDDR.stg__flood
  
  
  
  
  as (
    with

src as (

    select *

    from raw.cheddr_weddr.flood

),

final as (

    select
        w.location_ids[f.index]::number as location_id,
        w.date::date as data_date,
        w.load_ts,
        f.value:daily as daily,
        f.value:daily_units as daily_units

    from src as w,
        lateral flatten(input => w.payload) as f

)

select * from final
  )
/* {"app": "dbt", "dbt_version": "1.10.15", "profile_name": "cheddr_weddr", "target_name": "dev", "node_id": "model.cheddr_weddr.stg__flood"} */;
[0m15:12:06.888687 [debug] [Thread-2 (]: Opening a new connection, currently in state init
[0m15:12:06.889859 [debug] [Thread-4 (]: On model.cheddr_weddr.stg__satellite_radiation: create or replace   view DEV.CHEDDR_WEDDR.stg__satellite_radiation
  
  
  
  
  as (
    with

src as (

    select *

    from raw.cheddr_weddr.satellite_radiation

),

final as (

    select
        w.location_ids[f.index]::number as location_id,
        w.date::date as data_date,
        w.load_ts,
        f.value:hourly as hourly,
        f.value:hourly_units as hourly_units

    from src as w,
        lateral flatten(input => w.payload) as f

)

select * from final
  )
/* {"app": "dbt", "dbt_version": "1.10.15", "profile_name": "cheddr_weddr", "target_name": "dev", "node_id": "model.cheddr_weddr.stg__satellite_radiation"} */;
[0m15:12:06.890340 [debug] [Thread-3 (]: Opening a new connection, currently in state init
[0m15:12:06.893356 [debug] [Thread-4 (]: Opening a new connection, currently in state init
[0m15:12:07.588250 [debug] [Thread-3 (]: SQL status: SUCCESS 1 in 0.698 seconds
[0m15:12:07.646452 [debug] [Thread-4 (]: SQL status: SUCCESS 1 in 0.753 seconds
[0m15:12:07.647975 [debug] [Thread-2 (]: SQL status: SUCCESS 1 in 0.759 seconds
[0m15:12:07.651016 [debug] [Thread-3 (]: Sending event: {'category': 'dbt', 'action': 'run_model', 'label': '060f3c0c-72b5-4b02-9e7f-0c68ed57334b', 'context': [<snowplow_tracker.self_describing_json.SelfDescribingJson object at 0x000001B20DE951D0>]}
[0m15:12:07.651982 [debug] [Thread-4 (]: Sending event: {'category': 'dbt', 'action': 'run_model', 'label': '060f3c0c-72b5-4b02-9e7f-0c68ed57334b', 'context': [<snowplow_tracker.self_describing_json.SelfDescribingJson object at 0x000001B20CA01350>]}
[0m15:12:07.655345 [debug] [Thread-2 (]: Sending event: {'category': 'dbt', 'action': 'run_model', 'label': '060f3c0c-72b5-4b02-9e7f-0c68ed57334b', 'context': [<snowplow_tracker.self_describing_json.SelfDescribingJson object at 0x000001B20D310810>]}
[0m15:12:07.656942 [info ] [Thread-3 (]: 3 of 13 OK created sql view model CHEDDR_WEDDR.stg__flood ...................... [[32mSUCCESS 1[0m in 0.90s]
[0m15:12:07.657973 [info ] [Thread-4 (]: 4 of 13 OK created sql view model CHEDDR_WEDDR.stg__satellite_radiation ........ [[32mSUCCESS 1[0m in 0.90s]
[0m15:12:07.658981 [info ] [Thread-2 (]: 2 of 13 OK created sql view model CHEDDR_WEDDR.stg__air_quality ................ [[32mSUCCESS 1[0m in 0.91s]
[0m15:12:07.660029 [debug] [Thread-3 (]: Finished running node model.cheddr_weddr.stg__flood
[0m15:12:07.661219 [debug] [Thread-4 (]: Finished running node model.cheddr_weddr.stg__satellite_radiation
[0m15:12:07.662223 [debug] [Thread-2 (]: Finished running node model.cheddr_weddr.stg__air_quality
[0m15:12:07.663248 [debug] [Thread-3 (]: Began running node model.cheddr_weddr.stg__weather
[0m15:12:07.664765 [debug] [Thread-4 (]: Began running node model.cheddr_weddr.dim__flood_units
[0m15:12:07.664765 [debug] [Thread-2 (]: Began running node model.cheddr_weddr.dim__satellite_radiation_units
[0m15:12:07.665773 [info ] [Thread-3 (]: 5 of 13 START sql view model CHEDDR_WEDDR.stg__weather ......................... [RUN]
[0m15:12:07.666773 [info ] [Thread-4 (]: 6 of 13 START sql table model CHEDDR_WEDDR.dim__flood_units .................... [RUN]
[0m15:12:07.668060 [info ] [Thread-2 (]: 7 of 13 START sql table model CHEDDR_WEDDR.dim__satellite_radiation_units ...... [RUN]
[0m15:12:07.670057 [debug] [Thread-3 (]: Re-using an available connection from the pool (formerly model.cheddr_weddr.stg__flood, now model.cheddr_weddr.stg__weather)
[0m15:12:07.671054 [debug] [Thread-4 (]: Re-using an available connection from the pool (formerly model.cheddr_weddr.stg__satellite_radiation, now model.cheddr_weddr.dim__flood_units)
[0m15:12:07.672052 [debug] [Thread-2 (]: Re-using an available connection from the pool (formerly model.cheddr_weddr.stg__air_quality, now model.cheddr_weddr.dim__satellite_radiation_units)
[0m15:12:07.672684 [debug] [Thread-3 (]: Began compiling node model.cheddr_weddr.stg__weather
[0m15:12:07.674694 [debug] [Thread-4 (]: Began compiling node model.cheddr_weddr.dim__flood_units
[0m15:12:07.675199 [debug] [Thread-2 (]: Began compiling node model.cheddr_weddr.dim__satellite_radiation_units
[0m15:12:07.679243 [debug] [Thread-3 (]: Writing injected SQL for node "model.cheddr_weddr.stg__weather"
[0m15:12:07.683241 [debug] [Thread-4 (]: Writing injected SQL for node "model.cheddr_weddr.dim__flood_units"
[0m15:12:07.688919 [debug] [Thread-2 (]: Writing injected SQL for node "model.cheddr_weddr.dim__satellite_radiation_units"
[0m15:12:07.690932 [debug] [Thread-3 (]: Began executing node model.cheddr_weddr.stg__weather
[0m15:12:07.693962 [debug] [Thread-3 (]: Writing runtime sql for node "model.cheddr_weddr.stg__weather"
[0m15:12:07.695505 [debug] [Thread-4 (]: Began executing node model.cheddr_weddr.dim__flood_units
[0m15:12:07.696515 [debug] [Thread-2 (]: Began executing node model.cheddr_weddr.dim__satellite_radiation_units
[0m15:12:07.701517 [debug] [Thread-4 (]: Using snowflake connection "model.cheddr_weddr.dim__flood_units"
[0m15:12:07.703133 [debug] [Thread-3 (]: Using snowflake connection "model.cheddr_weddr.stg__weather"
[0m15:12:07.708983 [debug] [Thread-2 (]: Using snowflake connection "model.cheddr_weddr.dim__satellite_radiation_units"
[0m15:12:07.709512 [debug] [Thread-4 (]: On model.cheddr_weddr.dim__flood_units: select * from (
        with

src as (

    select top 1 daily_units

    from DEV.CHEDDR_WEDDR.stg__flood

),

flattened as (

    select
        j.key::varchar as field,
        j.value::varchar as units

    from src,
        lateral flatten(input => daily_units) as j

)

select * from flattened
    ) as __dbt_sbq
    where false
    limit 0
/* {"app": "dbt", "dbt_version": "1.10.15", "profile_name": "cheddr_weddr", "target_name": "dev", "node_id": "model.cheddr_weddr.dim__flood_units"} */
/* {"app": "dbt", "dbt_version": "1.10.15", "profile_name": "cheddr_weddr", "target_name": "dev", "node_id": "model.cheddr_weddr.dim__flood_units"} */
[0m15:12:07.710428 [debug] [Thread-3 (]: On model.cheddr_weddr.stg__weather: create or replace   view DEV.CHEDDR_WEDDR.stg__weather
  
  
  
  
  as (
    with

src as (

    select *

    from raw.cheddr_weddr.weather

),

final as (

    select
        w.location_ids[f.index]::number as location_id,
        w.date::date as data_date,
        w.load_ts,
        f.value:hourly as hourly,
        f.value:hourly_units as hourly_units

    from src as w,
        lateral flatten(input => w.payload) as f

)

select * from final
  )
/* {"app": "dbt", "dbt_version": "1.10.15", "profile_name": "cheddr_weddr", "target_name": "dev", "node_id": "model.cheddr_weddr.stg__weather"} */;
[0m15:12:07.710971 [debug] [Thread-2 (]: On model.cheddr_weddr.dim__satellite_radiation_units: select * from (
        with

src as (

    select top 1 hourly_units

    from DEV.CHEDDR_WEDDR.stg__satellite_radiation

),

flattened as (

    select
        j.key::varchar as field,
        j.value::varchar as units

    from src,
        lateral flatten(input => hourly_units) as j

)

select * from flattened
    ) as __dbt_sbq
    where false
    limit 0
/* {"app": "dbt", "dbt_version": "1.10.15", "profile_name": "cheddr_weddr", "target_name": "dev", "node_id": "model.cheddr_weddr.dim__satellite_radiation_units"} */
/* {"app": "dbt", "dbt_version": "1.10.15", "profile_name": "cheddr_weddr", "target_name": "dev", "node_id": "model.cheddr_weddr.dim__satellite_radiation_units"} */
[0m15:12:07.910419 [debug] [Thread-2 (]: SQL status: SUCCESS 0 in 0.194 seconds
[0m15:12:07.939230 [debug] [Thread-2 (]: Using snowflake connection "model.cheddr_weddr.dim__satellite_radiation_units"
[0m15:12:07.942282 [debug] [Thread-3 (]: SQL status: SUCCESS 1 in 0.228 seconds
[0m15:12:07.943250 [debug] [Thread-2 (]: On model.cheddr_weddr.dim__satellite_radiation_units: select * from (
        select
    
      
    cast(null as varchar)
     as field, 
      
    cast(null as varchar)
     as units
    ) as __dbt_sbq
    where false
    limit 0
/* {"app": "dbt", "dbt_version": "1.10.15", "profile_name": "cheddr_weddr", "target_name": "dev", "node_id": "model.cheddr_weddr.dim__satellite_radiation_units"} */
/* {"app": "dbt", "dbt_version": "1.10.15", "profile_name": "cheddr_weddr", "target_name": "dev", "node_id": "model.cheddr_weddr.dim__satellite_radiation_units"} */
[0m15:12:07.944246 [debug] [Thread-4 (]: SQL status: SUCCESS 0 in 0.232 seconds
[0m15:12:07.948838 [debug] [Thread-3 (]: Sending event: {'category': 'dbt', 'action': 'run_model', 'label': '060f3c0c-72b5-4b02-9e7f-0c68ed57334b', 'context': [<snowplow_tracker.self_describing_json.SelfDescribingJson object at 0x000001B20DE14ED0>]}
[0m15:12:07.954129 [debug] [Thread-4 (]: Using snowflake connection "model.cheddr_weddr.dim__flood_units"
[0m15:12:07.956129 [info ] [Thread-3 (]: 5 of 13 OK created sql view model CHEDDR_WEDDR.stg__weather .................... [[32mSUCCESS 1[0m in 0.28s]
[0m15:12:07.957168 [debug] [Thread-4 (]: On model.cheddr_weddr.dim__flood_units: select * from (
        select
    
      
    cast(null as varchar)
     as field, 
      
    cast(null as varchar)
     as units
    ) as __dbt_sbq
    where false
    limit 0
/* {"app": "dbt", "dbt_version": "1.10.15", "profile_name": "cheddr_weddr", "target_name": "dev", "node_id": "model.cheddr_weddr.dim__flood_units"} */
/* {"app": "dbt", "dbt_version": "1.10.15", "profile_name": "cheddr_weddr", "target_name": "dev", "node_id": "model.cheddr_weddr.dim__flood_units"} */
[0m15:12:07.958533 [debug] [Thread-3 (]: Finished running node model.cheddr_weddr.stg__weather
[0m15:12:07.962093 [debug] [Thread-3 (]: Began running node model.cheddr_weddr.dim__air_quality_units
[0m15:12:07.963840 [info ] [Thread-3 (]: 8 of 13 START sql table model CHEDDR_WEDDR.dim__air_quality_units .............. [RUN]
[0m15:12:07.965574 [debug] [Thread-3 (]: Re-using an available connection from the pool (formerly model.cheddr_weddr.stg__weather, now model.cheddr_weddr.dim__air_quality_units)
[0m15:12:07.966651 [debug] [Thread-3 (]: Began compiling node model.cheddr_weddr.dim__air_quality_units
[0m15:12:07.971589 [debug] [Thread-3 (]: Writing injected SQL for node "model.cheddr_weddr.dim__air_quality_units"
[0m15:12:07.972589 [debug] [Thread-3 (]: Began executing node model.cheddr_weddr.dim__air_quality_units
[0m15:12:07.978098 [debug] [Thread-3 (]: Using snowflake connection "model.cheddr_weddr.dim__air_quality_units"
[0m15:12:07.979110 [debug] [Thread-3 (]: On model.cheddr_weddr.dim__air_quality_units: select * from (
        with

src as (

    select top 1 hourly_units

    from DEV.CHEDDR_WEDDR.stg__air_quality

),

flattened as (

    select
        j.key::varchar as field,
        j.value::varchar as units

    from src,
        lateral flatten(input => hourly_units) as j

)

select * from flattened
    ) as __dbt_sbq
    where false
    limit 0
/* {"app": "dbt", "dbt_version": "1.10.15", "profile_name": "cheddr_weddr", "target_name": "dev", "node_id": "model.cheddr_weddr.dim__air_quality_units"} */
/* {"app": "dbt", "dbt_version": "1.10.15", "profile_name": "cheddr_weddr", "target_name": "dev", "node_id": "model.cheddr_weddr.dim__air_quality_units"} */
[0m15:12:08.077226 [debug] [Thread-4 (]: SQL status: SUCCESS 0 in 0.117 seconds
[0m15:12:08.123891 [debug] [Thread-4 (]: Writing runtime sql for node "model.cheddr_weddr.dim__flood_units"
[0m15:12:08.126426 [debug] [Thread-4 (]: Using snowflake connection "model.cheddr_weddr.dim__flood_units"
[0m15:12:08.127781 [debug] [Thread-4 (]: On model.cheddr_weddr.dim__flood_units: create or replace transient table DEV.CHEDDR_WEDDR.dim__flood_units
    
  (
    field varchar primary key,
    units varchar
    
    )

    
    
    
    as (
    select field, units
    from (
        with

src as (

    select top 1 daily_units

    from DEV.CHEDDR_WEDDR.stg__flood

),

flattened as (

    select
        j.key::varchar as field,
        j.value::varchar as units

    from src,
        lateral flatten(input => daily_units) as j

)

select * from flattened
    ) as model_subq
    )

/* {"app": "dbt", "dbt_version": "1.10.15", "profile_name": "cheddr_weddr", "target_name": "dev", "node_id": "model.cheddr_weddr.dim__flood_units"} */;
[0m15:12:08.138631 [debug] [Thread-1 (]: SQL status: SUCCESS 0 in 1.257 seconds
[0m15:12:08.144511 [warn ] [Thread-1 (]: Detected columns with numeric type and unspecified precision/scale, this can lead to unintended rounding: ['location_id']`
[0m15:12:08.148553 [debug] [Thread-2 (]: SQL status: SUCCESS 0 in 0.198 seconds
[0m15:12:08.152502 [debug] [Thread-1 (]: Using snowflake connection "model.cheddr_weddr.dim__locations"
[0m15:12:08.159361 [debug] [Thread-2 (]: Writing runtime sql for node "model.cheddr_weddr.dim__satellite_radiation_units"
[0m15:12:08.161107 [debug] [Thread-1 (]: On model.cheddr_weddr.dim__locations: select * from (
        select
    
      
    cast(null as number)
     as location_id, 
      
    cast(null as varchar)
     as city, 
      
    cast(null as varchar)
     as country, 
      
    cast(null as float)
     as longitude, 
      
    cast(null as float)
     as latitude
    ) as __dbt_sbq
    where false
    limit 0
/* {"app": "dbt", "dbt_version": "1.10.15", "profile_name": "cheddr_weddr", "target_name": "dev", "node_id": "model.cheddr_weddr.dim__locations"} */
/* {"app": "dbt", "dbt_version": "1.10.15", "profile_name": "cheddr_weddr", "target_name": "dev", "node_id": "model.cheddr_weddr.dim__locations"} */
[0m15:12:08.166170 [debug] [Thread-2 (]: Using snowflake connection "model.cheddr_weddr.dim__satellite_radiation_units"
[0m15:12:08.168169 [debug] [Thread-2 (]: On model.cheddr_weddr.dim__satellite_radiation_units: create or replace transient table DEV.CHEDDR_WEDDR.dim__satellite_radiation_units
    
  (
    field varchar primary key,
    units varchar
    
    )

    
    
    
    as (
    select field, units
    from (
        with

src as (

    select top 1 hourly_units

    from DEV.CHEDDR_WEDDR.stg__satellite_radiation

),

flattened as (

    select
        j.key::varchar as field,
        j.value::varchar as units

    from src,
        lateral flatten(input => hourly_units) as j

)

select * from flattened
    ) as model_subq
    )

/* {"app": "dbt", "dbt_version": "1.10.15", "profile_name": "cheddr_weddr", "target_name": "dev", "node_id": "model.cheddr_weddr.dim__satellite_radiation_units"} */;
[0m15:12:08.289103 [debug] [Thread-1 (]: SQL status: SUCCESS 0 in 0.126 seconds
[0m15:12:08.297767 [debug] [Thread-1 (]: Writing runtime sql for node "model.cheddr_weddr.dim__locations"
[0m15:12:08.299879 [debug] [Thread-3 (]: SQL status: SUCCESS 0 in 0.320 seconds
[0m15:12:08.303628 [debug] [Thread-3 (]: Using snowflake connection "model.cheddr_weddr.dim__air_quality_units"
[0m15:12:08.306048 [debug] [Thread-3 (]: On model.cheddr_weddr.dim__air_quality_units: select * from (
        select
    
      
    cast(null as varchar)
     as field, 
      
    cast(null as varchar)
     as units
    ) as __dbt_sbq
    where false
    limit 0
/* {"app": "dbt", "dbt_version": "1.10.15", "profile_name": "cheddr_weddr", "target_name": "dev", "node_id": "model.cheddr_weddr.dim__air_quality_units"} */
/* {"app": "dbt", "dbt_version": "1.10.15", "profile_name": "cheddr_weddr", "target_name": "dev", "node_id": "model.cheddr_weddr.dim__air_quality_units"} */
[0m15:12:08.308565 [debug] [Thread-1 (]: Using snowflake connection "model.cheddr_weddr.dim__locations"
[0m15:12:08.311145 [debug] [Thread-1 (]: On model.cheddr_weddr.dim__locations: create or replace transient table DEV.CHEDDR_WEDDR.dim__locations
    
  (
    location_id number primary key,
    city varchar,
    country varchar,
    longitude float,
    latitude float
    
    )

    
    
    
    as (
    select location_id, city, country, longitude, latitude
    from (
        with

src as (

    select
        location_id::number as location_id,
        city::varchar as city,
        country::varchar as country,
        longitude::float as longitude,
        latitude::float as latitude

    from DEV.CHEDDR_WEDDR.seed__locations

)

select * from src
    ) as model_subq
    )

/* {"app": "dbt", "dbt_version": "1.10.15", "profile_name": "cheddr_weddr", "target_name": "dev", "node_id": "model.cheddr_weddr.dim__locations"} */;
[0m15:12:08.390729 [debug] [Thread-3 (]: SQL status: SUCCESS 0 in 0.082 seconds
[0m15:12:08.394726 [debug] [Thread-3 (]: Writing runtime sql for node "model.cheddr_weddr.dim__air_quality_units"
[0m15:12:08.396252 [debug] [Thread-3 (]: Using snowflake connection "model.cheddr_weddr.dim__air_quality_units"
[0m15:12:08.397248 [debug] [Thread-3 (]: On model.cheddr_weddr.dim__air_quality_units: create or replace transient table DEV.CHEDDR_WEDDR.dim__air_quality_units
    
  (
    field varchar primary key,
    units varchar
    
    )

    
    
    
    as (
    select field, units
    from (
        with

src as (

    select top 1 hourly_units

    from DEV.CHEDDR_WEDDR.stg__air_quality

),

flattened as (

    select
        j.key::varchar as field,
        j.value::varchar as units

    from src,
        lateral flatten(input => hourly_units) as j

)

select * from flattened
    ) as model_subq
    )

/* {"app": "dbt", "dbt_version": "1.10.15", "profile_name": "cheddr_weddr", "target_name": "dev", "node_id": "model.cheddr_weddr.dim__air_quality_units"} */;
[0m15:12:08.695264 [debug] [Thread-4 (]: SQL status: SUCCESS 1 in 0.566 seconds
[0m15:12:08.698772 [debug] [Thread-4 (]: Sending event: {'category': 'dbt', 'action': 'run_model', 'label': '060f3c0c-72b5-4b02-9e7f-0c68ed57334b', 'context': [<snowplow_tracker.self_describing_json.SelfDescribingJson object at 0x000001B20DEA3A10>]}
[0m15:12:08.699782 [info ] [Thread-4 (]: 6 of 13 OK created sql table model CHEDDR_WEDDR.dim__flood_units ............... [[32mSUCCESS 1[0m in 1.03s]
[0m15:12:08.702025 [debug] [Thread-4 (]: Finished running node model.cheddr_weddr.dim__flood_units
[0m15:12:08.703024 [debug] [Thread-4 (]: Began running node model.cheddr_weddr.dim__weather_units
[0m15:12:08.704027 [info ] [Thread-4 (]: 9 of 13 START sql table model CHEDDR_WEDDR.dim__weather_units .................. [RUN]
[0m15:12:08.704539 [debug] [Thread-4 (]: Re-using an available connection from the pool (formerly model.cheddr_weddr.dim__flood_units, now model.cheddr_weddr.dim__weather_units)
[0m15:12:08.705990 [debug] [Thread-4 (]: Began compiling node model.cheddr_weddr.dim__weather_units
[0m15:12:08.710445 [debug] [Thread-4 (]: Writing injected SQL for node "model.cheddr_weddr.dim__weather_units"
[0m15:12:08.712508 [debug] [Thread-4 (]: Began executing node model.cheddr_weddr.dim__weather_units
[0m15:12:08.720190 [debug] [Thread-4 (]: Using snowflake connection "model.cheddr_weddr.dim__weather_units"
[0m15:12:08.721190 [debug] [Thread-4 (]: On model.cheddr_weddr.dim__weather_units: select * from (
        with

src as (

    select top 1 hourly_units

    from DEV.CHEDDR_WEDDR.stg__weather

),

flattened as (

    select
        j.key::varchar as field,
        j.value::varchar as units

    from src,
        lateral flatten(input => hourly_units) as j

)

select * from flattened
    ) as __dbt_sbq
    where false
    limit 0
/* {"app": "dbt", "dbt_version": "1.10.15", "profile_name": "cheddr_weddr", "target_name": "dev", "node_id": "model.cheddr_weddr.dim__weather_units"} */
/* {"app": "dbt", "dbt_version": "1.10.15", "profile_name": "cheddr_weddr", "target_name": "dev", "node_id": "model.cheddr_weddr.dim__weather_units"} */
[0m15:12:08.766195 [debug] [Thread-2 (]: SQL status: SUCCESS 1 in 0.596 seconds
[0m15:12:08.769640 [debug] [Thread-2 (]: Sending event: {'category': 'dbt', 'action': 'run_model', 'label': '060f3c0c-72b5-4b02-9e7f-0c68ed57334b', 'context': [<snowplow_tracker.self_describing_json.SelfDescribingJson object at 0x000001B20DE85D50>]}
[0m15:12:08.770783 [info ] [Thread-2 (]: 7 of 13 OK created sql table model CHEDDR_WEDDR.dim__satellite_radiation_units . [[32mSUCCESS 1[0m in 1.10s]
[0m15:12:08.771867 [debug] [Thread-2 (]: Finished running node model.cheddr_weddr.dim__satellite_radiation_units
[0m15:12:08.879180 [debug] [Thread-4 (]: SQL status: SUCCESS 0 in 0.157 seconds
[0m15:12:08.880764 [debug] [Thread-4 (]: Using snowflake connection "model.cheddr_weddr.dim__weather_units"
[0m15:12:08.881771 [debug] [Thread-4 (]: On model.cheddr_weddr.dim__weather_units: select * from (
        select
    
      
    cast(null as varchar)
     as field, 
      
    cast(null as varchar)
     as units
    ) as __dbt_sbq
    where false
    limit 0
/* {"app": "dbt", "dbt_version": "1.10.15", "profile_name": "cheddr_weddr", "target_name": "dev", "node_id": "model.cheddr_weddr.dim__weather_units"} */
/* {"app": "dbt", "dbt_version": "1.10.15", "profile_name": "cheddr_weddr", "target_name": "dev", "node_id": "model.cheddr_weddr.dim__weather_units"} */
[0m15:12:08.979907 [debug] [Thread-4 (]: SQL status: SUCCESS 0 in 0.097 seconds
[0m15:12:08.982930 [debug] [Thread-4 (]: Writing runtime sql for node "model.cheddr_weddr.dim__weather_units"
[0m15:12:08.983994 [debug] [Thread-1 (]: SQL status: SUCCESS 1 in 0.670 seconds
[0m15:12:08.988265 [debug] [Thread-1 (]: Sending event: {'category': 'dbt', 'action': 'run_model', 'label': '060f3c0c-72b5-4b02-9e7f-0c68ed57334b', 'context': [<snowplow_tracker.self_describing_json.SelfDescribingJson object at 0x000001B20D780E10>]}
[0m15:12:08.990444 [debug] [Thread-4 (]: Using snowflake connection "model.cheddr_weddr.dim__weather_units"
[0m15:12:08.989264 [info ] [Thread-1 (]: 1 of 13 OK created sql table model CHEDDR_WEDDR.dim__locations ................. [[32mSUCCESS 1[0m in 2.25s]
[0m15:12:08.991443 [debug] [Thread-4 (]: On model.cheddr_weddr.dim__weather_units: create or replace transient table DEV.CHEDDR_WEDDR.dim__weather_units
    
  (
    field varchar primary key,
    units varchar
    
    )

    
    
    
    as (
    select field, units
    from (
        with

src as (

    select top 1 hourly_units

    from DEV.CHEDDR_WEDDR.stg__weather

),

flattened as (

    select
        j.key::varchar as field,
        j.value::varchar as units

    from src,
        lateral flatten(input => hourly_units) as j

)

select * from flattened
    ) as model_subq
    )

/* {"app": "dbt", "dbt_version": "1.10.15", "profile_name": "cheddr_weddr", "target_name": "dev", "node_id": "model.cheddr_weddr.dim__weather_units"} */;
[0m15:12:08.992950 [debug] [Thread-1 (]: Finished running node model.cheddr_weddr.dim__locations
[0m15:12:08.995575 [debug] [Thread-2 (]: Began running node model.cheddr_weddr.fct__flood
[0m15:12:08.995575 [debug] [Thread-1 (]: Began running node model.cheddr_weddr.fct__satellite_radiation
[0m15:12:08.997614 [info ] [Thread-2 (]: 10 of 13 START sql incremental model CHEDDR_WEDDR.fct__flood ................... [RUN]
[0m15:12:08.999063 [info ] [Thread-1 (]: 11 of 13 START sql incremental model CHEDDR_WEDDR.fct__satellite_radiation ..... [RUN]
[0m15:12:09.000053 [debug] [Thread-2 (]: Re-using an available connection from the pool (formerly model.cheddr_weddr.dim__satellite_radiation_units, now model.cheddr_weddr.fct__flood)
[0m15:12:09.001048 [debug] [Thread-1 (]: Re-using an available connection from the pool (formerly model.cheddr_weddr.dim__locations, now model.cheddr_weddr.fct__satellite_radiation)
[0m15:12:09.002049 [debug] [Thread-2 (]: Began compiling node model.cheddr_weddr.fct__flood
[0m15:12:09.003068 [debug] [Thread-1 (]: Began compiling node model.cheddr_weddr.fct__satellite_radiation
[0m15:12:09.016965 [debug] [Thread-2 (]: Writing injected SQL for node "model.cheddr_weddr.fct__flood"
[0m15:12:09.023468 [debug] [Thread-1 (]: Writing injected SQL for node "model.cheddr_weddr.fct__satellite_radiation"
[0m15:12:09.025104 [debug] [Thread-2 (]: Began executing node model.cheddr_weddr.fct__flood
[0m15:12:09.027362 [debug] [Thread-1 (]: Began executing node model.cheddr_weddr.fct__satellite_radiation
[0m15:12:09.070466 [debug] [Thread-3 (]: SQL status: SUCCESS 1 in 0.672 seconds
[0m15:12:09.073933 [debug] [Thread-2 (]: Using snowflake connection "model.cheddr_weddr.fct__flood"
[0m15:12:09.081445 [debug] [Thread-1 (]: Using snowflake connection "model.cheddr_weddr.fct__satellite_radiation"
[0m15:12:09.084449 [debug] [Thread-3 (]: Sending event: {'category': 'dbt', 'action': 'run_model', 'label': '060f3c0c-72b5-4b02-9e7f-0c68ed57334b', 'context': [<snowplow_tracker.self_describing_json.SelfDescribingJson object at 0x000001B20F025C10>]}
[0m15:12:09.085956 [debug] [Thread-2 (]: On model.cheddr_weddr.fct__flood: select * from (
        

with

src as (

    select
        location_id,
        data_date,
        load_ts,
        daily

    from DEV.CHEDDR_WEDDR.stg__flood

),

ts_times_1 as (

    select distinct j.value::datetime as ts_time

    from src,
        lateral flatten(input => daily:time) as j

),

ts_times_2 as (

    select
        ts_time,
        (row_number() over (order by ts_time asc) - 1) as ts_index

    from ts_times_1

),

flattened as (

    select
        f.location_id,
        tt.ts_time,
        j.key::varchar as field,
        k.value::float as value,
        f.data_date,
        f.load_ts

    from src as f,
        lateral flatten(input => daily) as j,
            lateral flatten(input => j.value) as k
    inner join ts_times_2 as tt
        on k.index = tt.ts_index
    where field <> 'time'

)

select * from flattened


  -- this filter will only be applied on an incremental run
  -- (uses >= to include records arriving later on the same day as the last run of this model)
  where data_date >= (select coalesce(max(ts_time), '1900-01-01') from DEV.CHEDDR_WEDDR.fct__flood)


    ) as __dbt_sbq
    where false
    limit 0
/* {"app": "dbt", "dbt_version": "1.10.15", "profile_name": "cheddr_weddr", "target_name": "dev", "node_id": "model.cheddr_weddr.fct__flood"} */
/* {"app": "dbt", "dbt_version": "1.10.15", "profile_name": "cheddr_weddr", "target_name": "dev", "node_id": "model.cheddr_weddr.fct__flood"} */
[0m15:12:09.086966 [debug] [Thread-1 (]: On model.cheddr_weddr.fct__satellite_radiation: select * from (
        

with

src as (

    select
        location_id,
        data_date,
        load_ts,
        hourly

    from DEV.CHEDDR_WEDDR.stg__satellite_radiation

),

ts_times_1 as (

    select distinct j.value::datetime as ts_time

    from src,
        lateral flatten(input => hourly:time) as j

),

ts_times_2 as (

    select
        ts_time,
        (row_number() over (order by ts_time asc) - 1) as ts_index

    from ts_times_1

),

flattened as (

    select
        f.location_id,
        tt.ts_time,
        j.key::varchar as field,
        k.value::float as value,
        f.data_date,
        f.load_ts

    from src as f,
        lateral flatten(input => hourly) as j,
            lateral flatten(input => j.value) as k
    inner join ts_times_2 as tt
        on k.index = tt.ts_index
    where field <> 'time'

)

select * from flattened


  -- this filter will only be applied on an incremental run
  -- (uses >= to include records arriving later on the same day as the last run of this model)
  where data_date >= (select coalesce(max(ts_time), '1900-01-01') from DEV.CHEDDR_WEDDR.fct__satellite_radiation)


    ) as __dbt_sbq
    where false
    limit 0
/* {"app": "dbt", "dbt_version": "1.10.15", "profile_name": "cheddr_weddr", "target_name": "dev", "node_id": "model.cheddr_weddr.fct__satellite_radiation"} */
/* {"app": "dbt", "dbt_version": "1.10.15", "profile_name": "cheddr_weddr", "target_name": "dev", "node_id": "model.cheddr_weddr.fct__satellite_radiation"} */
[0m15:12:09.088232 [info ] [Thread-3 (]: 8 of 13 OK created sql table model CHEDDR_WEDDR.dim__air_quality_units ......... [[32mSUCCESS 1[0m in 1.12s]
[0m15:12:09.093003 [debug] [Thread-3 (]: Finished running node model.cheddr_weddr.dim__air_quality_units
[0m15:12:09.095004 [debug] [Thread-3 (]: Began running node model.cheddr_weddr.fct__air_quality
[0m15:12:09.095004 [info ] [Thread-3 (]: 12 of 13 START sql incremental model CHEDDR_WEDDR.fct__air_quality ............. [RUN]
[0m15:12:09.096521 [debug] [Thread-3 (]: Re-using an available connection from the pool (formerly model.cheddr_weddr.dim__air_quality_units, now model.cheddr_weddr.fct__air_quality)
[0m15:12:09.098035 [debug] [Thread-3 (]: Began compiling node model.cheddr_weddr.fct__air_quality
[0m15:12:09.104969 [debug] [Thread-3 (]: Writing injected SQL for node "model.cheddr_weddr.fct__air_quality"
[0m15:12:09.107907 [debug] [Thread-3 (]: Began executing node model.cheddr_weddr.fct__air_quality
[0m15:12:09.113538 [debug] [Thread-3 (]: Using snowflake connection "model.cheddr_weddr.fct__air_quality"
[0m15:12:09.113538 [debug] [Thread-3 (]: On model.cheddr_weddr.fct__air_quality: select * from (
        

with

src as (

    select
        location_id,
        data_date,
        load_ts,
        hourly

    from DEV.CHEDDR_WEDDR.stg__air_quality

),

ts_times_1 as (

    select distinct j.value::datetime as ts_time

    from src,
        lateral flatten(input => hourly:time) as j

),

ts_times_2 as (

    select
        ts_time,
        (row_number() over (order by ts_time asc) - 1) as ts_index

    from ts_times_1

),

flattened as (

    select
        f.location_id,
        tt.ts_time,
        j.key::varchar as field,
        k.value::float as value,
        f.data_date,
        f.load_ts

    from src as f,
        lateral flatten(input => hourly) as j,
            lateral flatten(input => j.value) as k
    inner join ts_times_2 as tt
        on k.index = tt.ts_index
    where field <> 'time'

)

select * from flattened


  -- this filter will only be applied on an incremental run
  -- (uses >= to include records arriving later on the same day as the last run of this model)
  where data_date >= (select coalesce(max(ts_time), '1900-01-01') from DEV.CHEDDR_WEDDR.fct__air_quality)


    ) as __dbt_sbq
    where false
    limit 0
/* {"app": "dbt", "dbt_version": "1.10.15", "profile_name": "cheddr_weddr", "target_name": "dev", "node_id": "model.cheddr_weddr.fct__air_quality"} */
/* {"app": "dbt", "dbt_version": "1.10.15", "profile_name": "cheddr_weddr", "target_name": "dev", "node_id": "model.cheddr_weddr.fct__air_quality"} */
[0m15:12:09.353507 [debug] [Thread-2 (]: SQL status: SUCCESS 0 in 0.264 seconds
[0m15:12:09.357469 [warn ] [Thread-2 (]: Detected columns with numeric type and unspecified precision/scale, this can lead to unintended rounding: ['location_id']`
[0m15:12:09.360831 [debug] [Thread-2 (]: Using snowflake connection "model.cheddr_weddr.fct__flood"
[0m15:12:09.360831 [debug] [Thread-2 (]: On model.cheddr_weddr.fct__flood: select * from (
        select
    
      
    cast(null as number)
     as location_id, 
      
    cast(null as timestamp_ntz)
     as ts_time, 
      
    cast(null as varchar)
     as field, 
      
    cast(null as float)
     as value, 
      
    cast(null as date)
     as data_date, 
      
    cast(null as timestamp_ntz)
     as load_ts
    ) as __dbt_sbq
    where false
    limit 0
/* {"app": "dbt", "dbt_version": "1.10.15", "profile_name": "cheddr_weddr", "target_name": "dev", "node_id": "model.cheddr_weddr.fct__flood"} */
/* {"app": "dbt", "dbt_version": "1.10.15", "profile_name": "cheddr_weddr", "target_name": "dev", "node_id": "model.cheddr_weddr.fct__flood"} */
[0m15:12:09.394582 [debug] [Thread-3 (]: SQL status: SUCCESS 0 in 0.280 seconds
[0m15:12:09.398691 [warn ] [Thread-3 (]: Detected columns with numeric type and unspecified precision/scale, this can lead to unintended rounding: ['location_id']`
[0m15:12:09.400828 [debug] [Thread-3 (]: Using snowflake connection "model.cheddr_weddr.fct__air_quality"
[0m15:12:09.404390 [debug] [Thread-1 (]: SQL status: SUCCESS 0 in 0.313 seconds
[0m15:12:09.405583 [debug] [Thread-3 (]: On model.cheddr_weddr.fct__air_quality: select * from (
        select
    
      
    cast(null as number)
     as location_id, 
      
    cast(null as timestamp_ntz)
     as ts_time, 
      
    cast(null as varchar)
     as field, 
      
    cast(null as float)
     as value, 
      
    cast(null as date)
     as data_date, 
      
    cast(null as timestamp_ntz)
     as load_ts
    ) as __dbt_sbq
    where false
    limit 0
/* {"app": "dbt", "dbt_version": "1.10.15", "profile_name": "cheddr_weddr", "target_name": "dev", "node_id": "model.cheddr_weddr.fct__air_quality"} */
/* {"app": "dbt", "dbt_version": "1.10.15", "profile_name": "cheddr_weddr", "target_name": "dev", "node_id": "model.cheddr_weddr.fct__air_quality"} */
[0m15:12:09.409511 [warn ] [Thread-1 (]: Detected columns with numeric type and unspecified precision/scale, this can lead to unintended rounding: ['location_id']`
[0m15:12:09.415056 [debug] [Thread-1 (]: Using snowflake connection "model.cheddr_weddr.fct__satellite_radiation"
[0m15:12:09.416951 [debug] [Thread-1 (]: On model.cheddr_weddr.fct__satellite_radiation: select * from (
        select
    
      
    cast(null as number)
     as location_id, 
      
    cast(null as timestamp_ntz)
     as ts_time, 
      
    cast(null as varchar)
     as field, 
      
    cast(null as float)
     as value, 
      
    cast(null as date)
     as data_date, 
      
    cast(null as timestamp_ntz)
     as load_ts
    ) as __dbt_sbq
    where false
    limit 0
/* {"app": "dbt", "dbt_version": "1.10.15", "profile_name": "cheddr_weddr", "target_name": "dev", "node_id": "model.cheddr_weddr.fct__satellite_radiation"} */
/* {"app": "dbt", "dbt_version": "1.10.15", "profile_name": "cheddr_weddr", "target_name": "dev", "node_id": "model.cheddr_weddr.fct__satellite_radiation"} */
[0m15:12:09.488419 [debug] [Thread-2 (]: SQL status: SUCCESS 0 in 0.126 seconds
[0m15:12:09.494513 [debug] [Thread-2 (]: Using snowflake connection "model.cheddr_weddr.fct__flood"
[0m15:12:09.495507 [debug] [Thread-2 (]: On model.cheddr_weddr.fct__flood: create or replace  temporary view DEV.CHEDDR_WEDDR.fct__flood__dbt_tmp
  
  
  
  
  as (
    

with

src as (

    select
        location_id,
        data_date,
        load_ts,
        daily

    from DEV.CHEDDR_WEDDR.stg__flood

),

ts_times_1 as (

    select distinct j.value::datetime as ts_time

    from src,
        lateral flatten(input => daily:time) as j

),

ts_times_2 as (

    select
        ts_time,
        (row_number() over (order by ts_time asc) - 1) as ts_index

    from ts_times_1

),

flattened as (

    select
        f.location_id,
        tt.ts_time,
        j.key::varchar as field,
        k.value::float as value,
        f.data_date,
        f.load_ts

    from src as f,
        lateral flatten(input => daily) as j,
            lateral flatten(input => j.value) as k
    inner join ts_times_2 as tt
        on k.index = tt.ts_index
    where field <> 'time'

)

select * from flattened


  -- this filter will only be applied on an incremental run
  -- (uses >= to include records arriving later on the same day as the last run of this model)
  where data_date >= (select coalesce(max(ts_time), '1900-01-01') from DEV.CHEDDR_WEDDR.fct__flood)


  )
/* {"app": "dbt", "dbt_version": "1.10.15", "profile_name": "cheddr_weddr", "target_name": "dev", "node_id": "model.cheddr_weddr.fct__flood"} */;
[0m15:12:09.512195 [debug] [Thread-3 (]: SQL status: SUCCESS 0 in 0.101 seconds
[0m15:12:09.516573 [debug] [Thread-3 (]: Using snowflake connection "model.cheddr_weddr.fct__air_quality"
[0m15:12:09.518579 [debug] [Thread-3 (]: On model.cheddr_weddr.fct__air_quality: create or replace  temporary view DEV.CHEDDR_WEDDR.fct__air_quality__dbt_tmp
  
  
  
  
  as (
    

with

src as (

    select
        location_id,
        data_date,
        load_ts,
        hourly

    from DEV.CHEDDR_WEDDR.stg__air_quality

),

ts_times_1 as (

    select distinct j.value::datetime as ts_time

    from src,
        lateral flatten(input => hourly:time) as j

),

ts_times_2 as (

    select
        ts_time,
        (row_number() over (order by ts_time asc) - 1) as ts_index

    from ts_times_1

),

flattened as (

    select
        f.location_id,
        tt.ts_time,
        j.key::varchar as field,
        k.value::float as value,
        f.data_date,
        f.load_ts

    from src as f,
        lateral flatten(input => hourly) as j,
            lateral flatten(input => j.value) as k
    inner join ts_times_2 as tt
        on k.index = tt.ts_index
    where field <> 'time'

)

select * from flattened


  -- this filter will only be applied on an incremental run
  -- (uses >= to include records arriving later on the same day as the last run of this model)
  where data_date >= (select coalesce(max(ts_time), '1900-01-01') from DEV.CHEDDR_WEDDR.fct__air_quality)


  )
/* {"app": "dbt", "dbt_version": "1.10.15", "profile_name": "cheddr_weddr", "target_name": "dev", "node_id": "model.cheddr_weddr.fct__air_quality"} */;
[0m15:12:09.520573 [debug] [Thread-1 (]: SQL status: SUCCESS 0 in 0.100 seconds
[0m15:12:09.527950 [debug] [Thread-1 (]: Using snowflake connection "model.cheddr_weddr.fct__satellite_radiation"
[0m15:12:09.529460 [debug] [Thread-1 (]: On model.cheddr_weddr.fct__satellite_radiation: create or replace  temporary view DEV.CHEDDR_WEDDR.fct__satellite_radiation__dbt_tmp
  
  
  
  
  as (
    

with

src as (

    select
        location_id,
        data_date,
        load_ts,
        hourly

    from DEV.CHEDDR_WEDDR.stg__satellite_radiation

),

ts_times_1 as (

    select distinct j.value::datetime as ts_time

    from src,
        lateral flatten(input => hourly:time) as j

),

ts_times_2 as (

    select
        ts_time,
        (row_number() over (order by ts_time asc) - 1) as ts_index

    from ts_times_1

),

flattened as (

    select
        f.location_id,
        tt.ts_time,
        j.key::varchar as field,
        k.value::float as value,
        f.data_date,
        f.load_ts

    from src as f,
        lateral flatten(input => hourly) as j,
            lateral flatten(input => j.value) as k
    inner join ts_times_2 as tt
        on k.index = tt.ts_index
    where field <> 'time'

)

select * from flattened


  -- this filter will only be applied on an incremental run
  -- (uses >= to include records arriving later on the same day as the last run of this model)
  where data_date >= (select coalesce(max(ts_time), '1900-01-01') from DEV.CHEDDR_WEDDR.fct__satellite_radiation)


  )
/* {"app": "dbt", "dbt_version": "1.10.15", "profile_name": "cheddr_weddr", "target_name": "dev", "node_id": "model.cheddr_weddr.fct__satellite_radiation"} */;
[0m15:12:09.636764 [debug] [Thread-4 (]: SQL status: SUCCESS 1 in 0.643 seconds
[0m15:12:09.639767 [debug] [Thread-4 (]: Sending event: {'category': 'dbt', 'action': 'run_model', 'label': '060f3c0c-72b5-4b02-9e7f-0c68ed57334b', 'context': [<snowplow_tracker.self_describing_json.SelfDescribingJson object at 0x000001B20EFEBD10>]}
[0m15:12:09.640768 [info ] [Thread-4 (]: 9 of 13 OK created sql table model CHEDDR_WEDDR.dim__weather_units ............. [[32mSUCCESS 1[0m in 0.94s]
[0m15:12:09.642763 [debug] [Thread-4 (]: Finished running node model.cheddr_weddr.dim__weather_units
[0m15:12:09.643763 [debug] [Thread-4 (]: Began running node model.cheddr_weddr.fct__weather
[0m15:12:09.643763 [info ] [Thread-4 (]: 13 of 13 START sql incremental model CHEDDR_WEDDR.fct__weather ................. [RUN]
[0m15:12:09.644764 [debug] [Thread-4 (]: Re-using an available connection from the pool (formerly model.cheddr_weddr.dim__weather_units, now model.cheddr_weddr.fct__weather)
[0m15:12:09.646225 [debug] [Thread-4 (]: Began compiling node model.cheddr_weddr.fct__weather
[0m15:12:09.656300 [debug] [Thread-4 (]: Writing injected SQL for node "model.cheddr_weddr.fct__weather"
[0m15:12:09.657724 [debug] [Thread-4 (]: Began executing node model.cheddr_weddr.fct__weather
[0m15:12:09.664253 [debug] [Thread-4 (]: Using snowflake connection "model.cheddr_weddr.fct__weather"
[0m15:12:09.665763 [debug] [Thread-4 (]: On model.cheddr_weddr.fct__weather: select * from (
        

with

src as (

    select
        location_id,
        data_date,
        load_ts,
        hourly

    from DEV.CHEDDR_WEDDR.stg__weather

),

ts_times_1 as (

    select distinct j.value::datetime as ts_time

    from src,
        lateral flatten(input => hourly:time) as j

),

ts_times_2 as (

    select
        ts_time,
        (row_number() over (order by ts_time asc) - 1) as ts_index

    from ts_times_1

),

flattened as (

    select
        f.location_id,
        tt.ts_time,
        j.key::varchar as field,
        k.value::float as value,
        f.data_date,
        f.load_ts

    from src as f,
        lateral flatten(input => hourly) as j,
            lateral flatten(input => j.value) as k
    inner join ts_times_2 as tt
        on k.index = tt.ts_index
    where field <> 'time'

)

select * from flattened


  -- this filter will only be applied on an incremental run
  -- (uses >= to include records arriving later on the same day as the last run of this model)
  where data_date >= (select coalesce(max(ts_time), '1900-01-01') from DEV.CHEDDR_WEDDR.fct__weather)


    ) as __dbt_sbq
    where false
    limit 0
/* {"app": "dbt", "dbt_version": "1.10.15", "profile_name": "cheddr_weddr", "target_name": "dev", "node_id": "model.cheddr_weddr.fct__weather"} */
/* {"app": "dbt", "dbt_version": "1.10.15", "profile_name": "cheddr_weddr", "target_name": "dev", "node_id": "model.cheddr_weddr.fct__weather"} */
[0m15:12:09.736574 [debug] [Thread-2 (]: SQL status: SUCCESS 1 in 0.240 seconds
[0m15:12:09.747654 [debug] [Thread-2 (]: Using snowflake connection "model.cheddr_weddr.fct__flood"
[0m15:12:09.748674 [debug] [Thread-2 (]: On model.cheddr_weddr.fct__flood: describe table DEV.CHEDDR_WEDDR.fct__flood__dbt_tmp
/* {"app": "dbt", "dbt_version": "1.10.15", "profile_name": "cheddr_weddr", "target_name": "dev", "node_id": "model.cheddr_weddr.fct__flood"} */
[0m15:12:09.782842 [debug] [Thread-1 (]: SQL status: SUCCESS 1 in 0.252 seconds
[0m15:12:09.787850 [debug] [Thread-1 (]: Using snowflake connection "model.cheddr_weddr.fct__satellite_radiation"
[0m15:12:09.787850 [debug] [Thread-1 (]: On model.cheddr_weddr.fct__satellite_radiation: describe table DEV.CHEDDR_WEDDR.fct__satellite_radiation__dbt_tmp
/* {"app": "dbt", "dbt_version": "1.10.15", "profile_name": "cheddr_weddr", "target_name": "dev", "node_id": "model.cheddr_weddr.fct__satellite_radiation"} */
[0m15:12:09.796735 [debug] [Thread-3 (]: SQL status: SUCCESS 1 in 0.276 seconds
[0m15:12:09.800107 [debug] [Thread-3 (]: Using snowflake connection "model.cheddr_weddr.fct__air_quality"
[0m15:12:09.801128 [debug] [Thread-3 (]: On model.cheddr_weddr.fct__air_quality: describe table DEV.CHEDDR_WEDDR.fct__air_quality__dbt_tmp
/* {"app": "dbt", "dbt_version": "1.10.15", "profile_name": "cheddr_weddr", "target_name": "dev", "node_id": "model.cheddr_weddr.fct__air_quality"} */
[0m15:12:09.851971 [debug] [Thread-2 (]: SQL status: SUCCESS 6 in 0.102 seconds
[0m15:12:09.856966 [debug] [Thread-2 (]: Using snowflake connection "model.cheddr_weddr.fct__flood"
[0m15:12:09.857966 [debug] [Thread-2 (]: On model.cheddr_weddr.fct__flood: describe table DEV.CHEDDR_WEDDR.fct__flood
/* {"app": "dbt", "dbt_version": "1.10.15", "profile_name": "cheddr_weddr", "target_name": "dev", "node_id": "model.cheddr_weddr.fct__flood"} */
[0m15:12:09.893137 [debug] [Thread-1 (]: SQL status: SUCCESS 6 in 0.104 seconds
[0m15:12:09.894136 [debug] [Thread-3 (]: SQL status: SUCCESS 6 in 0.092 seconds
[0m15:12:09.899519 [debug] [Thread-1 (]: Using snowflake connection "model.cheddr_weddr.fct__satellite_radiation"
[0m15:12:09.904036 [debug] [Thread-3 (]: Using snowflake connection "model.cheddr_weddr.fct__air_quality"
[0m15:12:09.905036 [debug] [Thread-1 (]: On model.cheddr_weddr.fct__satellite_radiation: describe table DEV.CHEDDR_WEDDR.fct__satellite_radiation
/* {"app": "dbt", "dbt_version": "1.10.15", "profile_name": "cheddr_weddr", "target_name": "dev", "node_id": "model.cheddr_weddr.fct__satellite_radiation"} */
[0m15:12:09.905036 [debug] [Thread-3 (]: On model.cheddr_weddr.fct__air_quality: describe table DEV.CHEDDR_WEDDR.fct__air_quality
/* {"app": "dbt", "dbt_version": "1.10.15", "profile_name": "cheddr_weddr", "target_name": "dev", "node_id": "model.cheddr_weddr.fct__air_quality"} */
[0m15:12:09.923207 [debug] [Thread-4 (]: SQL status: SUCCESS 0 in 0.256 seconds
[0m15:12:09.925260 [warn ] [Thread-4 (]: Detected columns with numeric type and unspecified precision/scale, this can lead to unintended rounding: ['location_id']`
[0m15:12:09.927489 [debug] [Thread-4 (]: Using snowflake connection "model.cheddr_weddr.fct__weather"
[0m15:12:09.928490 [debug] [Thread-4 (]: On model.cheddr_weddr.fct__weather: select * from (
        select
    
      
    cast(null as number)
     as location_id, 
      
    cast(null as timestamp_ntz)
     as ts_time, 
      
    cast(null as varchar)
     as field, 
      
    cast(null as float)
     as value, 
      
    cast(null as date)
     as data_date, 
      
    cast(null as timestamp_ntz)
     as load_ts
    ) as __dbt_sbq
    where false
    limit 0
/* {"app": "dbt", "dbt_version": "1.10.15", "profile_name": "cheddr_weddr", "target_name": "dev", "node_id": "model.cheddr_weddr.fct__weather"} */
/* {"app": "dbt", "dbt_version": "1.10.15", "profile_name": "cheddr_weddr", "target_name": "dev", "node_id": "model.cheddr_weddr.fct__weather"} */
[0m15:12:09.941370 [debug] [Thread-2 (]: SQL status: SUCCESS 6 in 0.082 seconds
[0m15:12:09.962906 [debug] [Thread-2 (]: Using snowflake connection "model.cheddr_weddr.fct__flood"
[0m15:12:09.963977 [debug] [Thread-2 (]: On model.cheddr_weddr.fct__flood: describe table DEV.CHEDDR_WEDDR.fct__flood__dbt_tmp
/* {"app": "dbt", "dbt_version": "1.10.15", "profile_name": "cheddr_weddr", "target_name": "dev", "node_id": "model.cheddr_weddr.fct__flood"} */
[0m15:12:10.002190 [debug] [Thread-3 (]: SQL status: SUCCESS 6 in 0.094 seconds
[0m15:12:10.003699 [debug] [Thread-1 (]: SQL status: SUCCESS 6 in 0.097 seconds
[0m15:12:10.008911 [debug] [Thread-3 (]: Using snowflake connection "model.cheddr_weddr.fct__air_quality"
[0m15:12:10.012908 [debug] [Thread-1 (]: Using snowflake connection "model.cheddr_weddr.fct__satellite_radiation"
[0m15:12:10.013909 [debug] [Thread-3 (]: On model.cheddr_weddr.fct__air_quality: describe table DEV.CHEDDR_WEDDR.fct__air_quality__dbt_tmp
/* {"app": "dbt", "dbt_version": "1.10.15", "profile_name": "cheddr_weddr", "target_name": "dev", "node_id": "model.cheddr_weddr.fct__air_quality"} */
[0m15:12:10.014920 [debug] [Thread-1 (]: On model.cheddr_weddr.fct__satellite_radiation: describe table DEV.CHEDDR_WEDDR.fct__satellite_radiation__dbt_tmp
/* {"app": "dbt", "dbt_version": "1.10.15", "profile_name": "cheddr_weddr", "target_name": "dev", "node_id": "model.cheddr_weddr.fct__satellite_radiation"} */
[0m15:12:10.038720 [debug] [Thread-4 (]: SQL status: SUCCESS 0 in 0.110 seconds
[0m15:12:10.040180 [debug] [Thread-2 (]: SQL status: SUCCESS 6 in 0.075 seconds
[0m15:12:10.045583 [debug] [Thread-4 (]: Using snowflake connection "model.cheddr_weddr.fct__weather"
[0m15:12:10.051103 [debug] [Thread-2 (]: Using snowflake connection "model.cheddr_weddr.fct__flood"
[0m15:12:10.052102 [debug] [Thread-4 (]: On model.cheddr_weddr.fct__weather: create or replace  temporary view DEV.CHEDDR_WEDDR.fct__weather__dbt_tmp
  
  
  
  
  as (
    

with

src as (

    select
        location_id,
        data_date,
        load_ts,
        hourly

    from DEV.CHEDDR_WEDDR.stg__weather

),

ts_times_1 as (

    select distinct j.value::datetime as ts_time

    from src,
        lateral flatten(input => hourly:time) as j

),

ts_times_2 as (

    select
        ts_time,
        (row_number() over (order by ts_time asc) - 1) as ts_index

    from ts_times_1

),

flattened as (

    select
        f.location_id,
        tt.ts_time,
        j.key::varchar as field,
        k.value::float as value,
        f.data_date,
        f.load_ts

    from src as f,
        lateral flatten(input => hourly) as j,
            lateral flatten(input => j.value) as k
    inner join ts_times_2 as tt
        on k.index = tt.ts_index
    where field <> 'time'

)

select * from flattened


  -- this filter will only be applied on an incremental run
  -- (uses >= to include records arriving later on the same day as the last run of this model)
  where data_date >= (select coalesce(max(ts_time), '1900-01-01') from DEV.CHEDDR_WEDDR.fct__weather)


  )
/* {"app": "dbt", "dbt_version": "1.10.15", "profile_name": "cheddr_weddr", "target_name": "dev", "node_id": "model.cheddr_weddr.fct__weather"} */;
[0m15:12:10.053431 [debug] [Thread-2 (]: On model.cheddr_weddr.fct__flood: describe table "DEV"."CHEDDR_WEDDR"."FCT__FLOOD"
/* {"app": "dbt", "dbt_version": "1.10.15", "profile_name": "cheddr_weddr", "target_name": "dev", "node_id": "model.cheddr_weddr.fct__flood"} */
[0m15:12:10.112759 [debug] [Thread-3 (]: SQL status: SUCCESS 6 in 0.098 seconds
[0m15:12:10.113781 [debug] [Thread-1 (]: SQL status: SUCCESS 6 in 0.097 seconds
[0m15:12:10.118851 [debug] [Thread-3 (]: Using snowflake connection "model.cheddr_weddr.fct__air_quality"
[0m15:12:10.123451 [debug] [Thread-1 (]: Using snowflake connection "model.cheddr_weddr.fct__satellite_radiation"
[0m15:12:10.124451 [debug] [Thread-3 (]: On model.cheddr_weddr.fct__air_quality: describe table "DEV"."CHEDDR_WEDDR"."FCT__AIR_QUALITY"
/* {"app": "dbt", "dbt_version": "1.10.15", "profile_name": "cheddr_weddr", "target_name": "dev", "node_id": "model.cheddr_weddr.fct__air_quality"} */
[0m15:12:10.124451 [debug] [Thread-1 (]: On model.cheddr_weddr.fct__satellite_radiation: describe table "DEV"."CHEDDR_WEDDR"."FCT__SATELLITE_RADIATION"
/* {"app": "dbt", "dbt_version": "1.10.15", "profile_name": "cheddr_weddr", "target_name": "dev", "node_id": "model.cheddr_weddr.fct__satellite_radiation"} */
[0m15:12:10.147379 [debug] [Thread-2 (]: SQL status: SUCCESS 6 in 0.091 seconds
[0m15:12:10.158481 [debug] [Thread-2 (]: 
    In "DEV"."CHEDDR_WEDDR"."FCT__FLOOD":
        Schema changed: False
        Source columns not in target: []
        Target columns not in source: []
        New column types: []
  
[0m15:12:10.197779 [debug] [Thread-2 (]: Writing runtime sql for node "model.cheddr_weddr.fct__flood"
[0m15:12:10.199875 [debug] [Thread-2 (]: Using snowflake connection "model.cheddr_weddr.fct__flood"
[0m15:12:10.201383 [debug] [Thread-2 (]: On model.cheddr_weddr.fct__flood: -- back compat for old kwarg name
  
  begin
/* {"app": "dbt", "dbt_version": "1.10.15", "profile_name": "cheddr_weddr", "target_name": "dev", "node_id": "model.cheddr_weddr.fct__flood"} */;
[0m15:12:10.220266 [debug] [Thread-1 (]: SQL status: SUCCESS 6 in 0.092 seconds
[0m15:12:10.222793 [debug] [Thread-1 (]: 
    In "DEV"."CHEDDR_WEDDR"."FCT__SATELLITE_RADIATION":
        Schema changed: False
        Source columns not in target: []
        Target columns not in source: []
        New column types: []
  
[0m15:12:10.233050 [debug] [Thread-1 (]: Writing runtime sql for node "model.cheddr_weddr.fct__satellite_radiation"
[0m15:12:10.234559 [debug] [Thread-3 (]: SQL status: SUCCESS 6 in 0.108 seconds
[0m15:12:10.238571 [debug] [Thread-3 (]: 
    In "DEV"."CHEDDR_WEDDR"."FCT__AIR_QUALITY":
        Schema changed: False
        Source columns not in target: []
        Target columns not in source: []
        New column types: []
  
[0m15:12:10.239570 [debug] [Thread-1 (]: Using snowflake connection "model.cheddr_weddr.fct__satellite_radiation"
[0m15:12:10.241570 [debug] [Thread-3 (]: Writing runtime sql for node "model.cheddr_weddr.fct__air_quality"
[0m15:12:10.242569 [debug] [Thread-1 (]: On model.cheddr_weddr.fct__satellite_radiation: BEGIN
/* {"app": "dbt", "dbt_version": "1.10.15", "profile_name": "cheddr_weddr", "target_name": "dev", "node_id": "model.cheddr_weddr.fct__satellite_radiation"} */
[0m15:12:10.246056 [debug] [Thread-3 (]: Using snowflake connection "model.cheddr_weddr.fct__air_quality"
[0m15:12:10.247062 [debug] [Thread-3 (]: On model.cheddr_weddr.fct__air_quality: BEGIN
/* {"app": "dbt", "dbt_version": "1.10.15", "profile_name": "cheddr_weddr", "target_name": "dev", "node_id": "model.cheddr_weddr.fct__air_quality"} */
[0m15:12:10.283311 [debug] [Thread-4 (]: SQL status: SUCCESS 1 in 0.228 seconds
[0m15:12:10.287829 [debug] [Thread-4 (]: Using snowflake connection "model.cheddr_weddr.fct__weather"
[0m15:12:10.288829 [debug] [Thread-4 (]: On model.cheddr_weddr.fct__weather: describe table DEV.CHEDDR_WEDDR.fct__weather__dbt_tmp
/* {"app": "dbt", "dbt_version": "1.10.15", "profile_name": "cheddr_weddr", "target_name": "dev", "node_id": "model.cheddr_weddr.fct__weather"} */
[0m15:12:10.308387 [debug] [Thread-2 (]: SQL status: SUCCESS 1 in 0.106 seconds
[0m15:12:10.309385 [debug] [Thread-2 (]: Using snowflake connection "model.cheddr_weddr.fct__flood"
[0m15:12:10.310387 [debug] [Thread-2 (]: On model.cheddr_weddr.fct__flood: merge into DEV.CHEDDR_WEDDR.fct__flood as DBT_INTERNAL_DEST
        using DEV.CHEDDR_WEDDR.fct__flood__dbt_tmp as DBT_INTERNAL_SOURCE
        on (
                    DBT_INTERNAL_SOURCE.location_id = DBT_INTERNAL_DEST.location_id
                ) and (
                    DBT_INTERNAL_SOURCE.ts_time = DBT_INTERNAL_DEST.ts_time
                ) and (
                    DBT_INTERNAL_SOURCE.field = DBT_INTERNAL_DEST.field
                )

    
    when matched then update set
        "LOCATION_ID" = DBT_INTERNAL_SOURCE."LOCATION_ID","TS_TIME" = DBT_INTERNAL_SOURCE."TS_TIME","FIELD" = DBT_INTERNAL_SOURCE."FIELD","VALUE" = DBT_INTERNAL_SOURCE."VALUE","DATA_DATE" = DBT_INTERNAL_SOURCE."DATA_DATE","LOAD_TS" = DBT_INTERNAL_SOURCE."LOAD_TS"
    

    when not matched then insert
        ("LOCATION_ID", "TS_TIME", "FIELD", "VALUE", "DATA_DATE", "LOAD_TS")
    values
        ("LOCATION_ID", "TS_TIME", "FIELD", "VALUE", "DATA_DATE", "LOAD_TS")


/* {"app": "dbt", "dbt_version": "1.10.15", "profile_name": "cheddr_weddr", "target_name": "dev", "node_id": "model.cheddr_weddr.fct__flood"} */;
[0m15:12:10.335084 [debug] [Thread-1 (]: SQL status: SUCCESS 1 in 0.091 seconds
[0m15:12:10.335084 [debug] [Thread-1 (]: Using snowflake connection "model.cheddr_weddr.fct__satellite_radiation"
[0m15:12:10.336592 [debug] [Thread-1 (]: On model.cheddr_weddr.fct__satellite_radiation: insert into DEV.CHEDDR_WEDDR.fct__satellite_radiation ("LOCATION_ID", "TS_TIME", "FIELD", "VALUE", "DATA_DATE", "LOAD_TS")
    (
        select "LOCATION_ID", "TS_TIME", "FIELD", "VALUE", "DATA_DATE", "LOAD_TS"
        from DEV.CHEDDR_WEDDR.fct__satellite_radiation__dbt_tmp
    )


/* {"app": "dbt", "dbt_version": "1.10.15", "profile_name": "cheddr_weddr", "target_name": "dev", "node_id": "model.cheddr_weddr.fct__satellite_radiation"} */;
[0m15:12:10.348116 [debug] [Thread-3 (]: SQL status: SUCCESS 1 in 0.100 seconds
[0m15:12:10.349117 [debug] [Thread-3 (]: Using snowflake connection "model.cheddr_weddr.fct__air_quality"
[0m15:12:10.350137 [debug] [Thread-3 (]: On model.cheddr_weddr.fct__air_quality: insert into DEV.CHEDDR_WEDDR.fct__air_quality ("LOCATION_ID", "TS_TIME", "FIELD", "VALUE", "DATA_DATE", "LOAD_TS")
    (
        select "LOCATION_ID", "TS_TIME", "FIELD", "VALUE", "DATA_DATE", "LOAD_TS"
        from DEV.CHEDDR_WEDDR.fct__air_quality__dbt_tmp
    )


/* {"app": "dbt", "dbt_version": "1.10.15", "profile_name": "cheddr_weddr", "target_name": "dev", "node_id": "model.cheddr_weddr.fct__air_quality"} */;
[0m15:12:10.383111 [debug] [Thread-4 (]: SQL status: SUCCESS 6 in 0.093 seconds
[0m15:12:10.388613 [debug] [Thread-4 (]: Using snowflake connection "model.cheddr_weddr.fct__weather"
[0m15:12:10.388613 [debug] [Thread-4 (]: On model.cheddr_weddr.fct__weather: describe table DEV.CHEDDR_WEDDR.fct__weather
/* {"app": "dbt", "dbt_version": "1.10.15", "profile_name": "cheddr_weddr", "target_name": "dev", "node_id": "model.cheddr_weddr.fct__weather"} */
[0m15:12:10.505501 [debug] [Thread-4 (]: SQL status: SUCCESS 6 in 0.115 seconds
[0m15:12:10.512011 [debug] [Thread-4 (]: Using snowflake connection "model.cheddr_weddr.fct__weather"
[0m15:12:10.513386 [debug] [Thread-4 (]: On model.cheddr_weddr.fct__weather: describe table DEV.CHEDDR_WEDDR.fct__weather__dbt_tmp
/* {"app": "dbt", "dbt_version": "1.10.15", "profile_name": "cheddr_weddr", "target_name": "dev", "node_id": "model.cheddr_weddr.fct__weather"} */
[0m15:12:10.608097 [debug] [Thread-4 (]: SQL status: SUCCESS 6 in 0.094 seconds
[0m15:12:10.613920 [debug] [Thread-4 (]: Using snowflake connection "model.cheddr_weddr.fct__weather"
[0m15:12:10.614916 [debug] [Thread-4 (]: On model.cheddr_weddr.fct__weather: describe table "DEV"."CHEDDR_WEDDR"."FCT__WEATHER"
/* {"app": "dbt", "dbt_version": "1.10.15", "profile_name": "cheddr_weddr", "target_name": "dev", "node_id": "model.cheddr_weddr.fct__weather"} */
[0m15:12:10.711179 [debug] [Thread-4 (]: SQL status: SUCCESS 6 in 0.096 seconds
[0m15:12:10.714323 [debug] [Thread-4 (]: 
    In "DEV"."CHEDDR_WEDDR"."FCT__WEATHER":
        Schema changed: False
        Source columns not in target: []
        Target columns not in source: []
        New column types: []
  
[0m15:12:10.716323 [debug] [Thread-4 (]: Writing runtime sql for node "model.cheddr_weddr.fct__weather"
[0m15:12:10.718328 [debug] [Thread-4 (]: Using snowflake connection "model.cheddr_weddr.fct__weather"
[0m15:12:10.719841 [debug] [Thread-4 (]: On model.cheddr_weddr.fct__weather: BEGIN
/* {"app": "dbt", "dbt_version": "1.10.15", "profile_name": "cheddr_weddr", "target_name": "dev", "node_id": "model.cheddr_weddr.fct__weather"} */
[0m15:12:10.854340 [debug] [Thread-4 (]: SQL status: SUCCESS 1 in 0.134 seconds
[0m15:12:10.855351 [debug] [Thread-4 (]: Using snowflake connection "model.cheddr_weddr.fct__weather"
[0m15:12:10.856352 [debug] [Thread-4 (]: On model.cheddr_weddr.fct__weather: insert into DEV.CHEDDR_WEDDR.fct__weather ("LOCATION_ID", "TS_TIME", "FIELD", "VALUE", "DATA_DATE", "LOAD_TS")
    (
        select "LOCATION_ID", "TS_TIME", "FIELD", "VALUE", "DATA_DATE", "LOAD_TS"
        from DEV.CHEDDR_WEDDR.fct__weather__dbt_tmp
    )


/* {"app": "dbt", "dbt_version": "1.10.15", "profile_name": "cheddr_weddr", "target_name": "dev", "node_id": "model.cheddr_weddr.fct__weather"} */;
[0m15:12:10.922228 [debug] [Thread-3 (]: SQL status: SUCCESS 0 in 0.572 seconds
[0m15:12:10.923738 [debug] [Thread-3 (]: Using snowflake connection "model.cheddr_weddr.fct__air_quality"
[0m15:12:10.923738 [debug] [Thread-3 (]: On model.cheddr_weddr.fct__air_quality: COMMIT
/* {"app": "dbt", "dbt_version": "1.10.15", "profile_name": "cheddr_weddr", "target_name": "dev", "node_id": "model.cheddr_weddr.fct__air_quality"} */
[0m15:12:10.954089 [debug] [Thread-1 (]: SQL status: SUCCESS 0 in 0.616 seconds
[0m15:12:10.955072 [debug] [Thread-1 (]: Using snowflake connection "model.cheddr_weddr.fct__satellite_radiation"
[0m15:12:10.955072 [debug] [Thread-1 (]: On model.cheddr_weddr.fct__satellite_radiation: COMMIT
/* {"app": "dbt", "dbt_version": "1.10.15", "profile_name": "cheddr_weddr", "target_name": "dev", "node_id": "model.cheddr_weddr.fct__satellite_radiation"} */
[0m15:12:10.989208 [debug] [Thread-2 (]: SQL status: SUCCESS 10 in 0.678 seconds
[0m15:12:10.989208 [debug] [Thread-2 (]: Using snowflake connection "model.cheddr_weddr.fct__flood"
[0m15:12:10.990209 [debug] [Thread-2 (]: On model.cheddr_weddr.fct__flood: COMMIT
/* {"app": "dbt", "dbt_version": "1.10.15", "profile_name": "cheddr_weddr", "target_name": "dev", "node_id": "model.cheddr_weddr.fct__flood"} */
[0m15:12:11.158676 [debug] [Thread-3 (]: SQL status: SUCCESS 1 in 0.234 seconds
[0m15:12:11.172129 [debug] [Thread-3 (]: Applying DROP to: DEV.CHEDDR_WEDDR.fct__air_quality__dbt_tmp
[0m15:12:11.180578 [debug] [Thread-3 (]: Using snowflake connection "model.cheddr_weddr.fct__air_quality"
[0m15:12:11.181595 [debug] [Thread-3 (]: On model.cheddr_weddr.fct__air_quality: drop view if exists DEV.CHEDDR_WEDDR.fct__air_quality__dbt_tmp cascade
/* {"app": "dbt", "dbt_version": "1.10.15", "profile_name": "cheddr_weddr", "target_name": "dev", "node_id": "model.cheddr_weddr.fct__air_quality"} */
[0m15:12:11.193733 [debug] [Thread-1 (]: SQL status: SUCCESS 1 in 0.238 seconds
[0m15:12:11.198129 [debug] [Thread-1 (]: Applying DROP to: DEV.CHEDDR_WEDDR.fct__satellite_radiation__dbt_tmp
[0m15:12:11.200130 [debug] [Thread-1 (]: Using snowflake connection "model.cheddr_weddr.fct__satellite_radiation"
[0m15:12:11.201132 [debug] [Thread-1 (]: On model.cheddr_weddr.fct__satellite_radiation: drop view if exists DEV.CHEDDR_WEDDR.fct__satellite_radiation__dbt_tmp cascade
/* {"app": "dbt", "dbt_version": "1.10.15", "profile_name": "cheddr_weddr", "target_name": "dev", "node_id": "model.cheddr_weddr.fct__satellite_radiation"} */
[0m15:12:11.226763 [debug] [Thread-2 (]: SQL status: SUCCESS 1 in 0.236 seconds
[0m15:12:11.230810 [debug] [Thread-2 (]: Applying DROP to: DEV.CHEDDR_WEDDR.fct__flood__dbt_tmp
[0m15:12:11.232322 [debug] [Thread-2 (]: Using snowflake connection "model.cheddr_weddr.fct__flood"
[0m15:12:11.233336 [debug] [Thread-2 (]: On model.cheddr_weddr.fct__flood: drop view if exists DEV.CHEDDR_WEDDR.fct__flood__dbt_tmp cascade
/* {"app": "dbt", "dbt_version": "1.10.15", "profile_name": "cheddr_weddr", "target_name": "dev", "node_id": "model.cheddr_weddr.fct__flood"} */
[0m15:12:11.311756 [debug] [Thread-3 (]: SQL status: SUCCESS 1 in 0.129 seconds
[0m15:12:11.314757 [debug] [Thread-3 (]: Sending event: {'category': 'dbt', 'action': 'run_model', 'label': '060f3c0c-72b5-4b02-9e7f-0c68ed57334b', 'context': [<snowplow_tracker.self_describing_json.SelfDescribingJson object at 0x000001B20D022DD0>]}
[0m15:12:11.315760 [info ] [Thread-3 (]: 12 of 13 OK created sql incremental model CHEDDR_WEDDR.fct__air_quality ........ [[32mSUCCESS 0[0m in 2.22s]
[0m15:12:11.316765 [debug] [Thread-3 (]: Finished running node model.cheddr_weddr.fct__air_quality
[0m15:12:11.333603 [debug] [Thread-1 (]: SQL status: SUCCESS 1 in 0.131 seconds
[0m15:12:11.337233 [debug] [Thread-1 (]: Sending event: {'category': 'dbt', 'action': 'run_model', 'label': '060f3c0c-72b5-4b02-9e7f-0c68ed57334b', 'context': [<snowplow_tracker.self_describing_json.SelfDescribingJson object at 0x000001B20F033710>]}
[0m15:12:11.338275 [info ] [Thread-1 (]: 11 of 13 OK created sql incremental model CHEDDR_WEDDR.fct__satellite_radiation  [[32mSUCCESS 0[0m in 2.34s]
[0m15:12:11.341457 [debug] [Thread-1 (]: Finished running node model.cheddr_weddr.fct__satellite_radiation
[0m15:12:11.350421 [debug] [Thread-2 (]: SQL status: SUCCESS 1 in 0.117 seconds
[0m15:12:11.357104 [debug] [Thread-2 (]: Sending event: {'category': 'dbt', 'action': 'run_model', 'label': '060f3c0c-72b5-4b02-9e7f-0c68ed57334b', 'context': [<snowplow_tracker.self_describing_json.SelfDescribingJson object at 0x000001B20EF93E90>]}
[0m15:12:11.358129 [info ] [Thread-2 (]: 10 of 13 OK created sql incremental model CHEDDR_WEDDR.fct__flood .............. [[32mSUCCESS 10[0m in 2.36s]
[0m15:12:11.359133 [debug] [Thread-2 (]: Finished running node model.cheddr_weddr.fct__flood
[0m15:12:11.459238 [debug] [Thread-4 (]: SQL status: SUCCESS 0 in 0.602 seconds
[0m15:12:11.459794 [debug] [Thread-4 (]: Using snowflake connection "model.cheddr_weddr.fct__weather"
[0m15:12:11.460841 [debug] [Thread-4 (]: On model.cheddr_weddr.fct__weather: COMMIT
/* {"app": "dbt", "dbt_version": "1.10.15", "profile_name": "cheddr_weddr", "target_name": "dev", "node_id": "model.cheddr_weddr.fct__weather"} */
[0m15:12:11.666586 [debug] [Thread-4 (]: SQL status: SUCCESS 1 in 0.205 seconds
[0m15:12:11.671009 [debug] [Thread-4 (]: Applying DROP to: DEV.CHEDDR_WEDDR.fct__weather__dbt_tmp
[0m15:12:11.673515 [debug] [Thread-4 (]: Using snowflake connection "model.cheddr_weddr.fct__weather"
[0m15:12:11.673515 [debug] [Thread-4 (]: On model.cheddr_weddr.fct__weather: drop view if exists DEV.CHEDDR_WEDDR.fct__weather__dbt_tmp cascade
/* {"app": "dbt", "dbt_version": "1.10.15", "profile_name": "cheddr_weddr", "target_name": "dev", "node_id": "model.cheddr_weddr.fct__weather"} */
[0m15:12:11.799077 [debug] [Thread-4 (]: SQL status: SUCCESS 1 in 0.125 seconds
[0m15:12:11.803314 [debug] [Thread-4 (]: Sending event: {'category': 'dbt', 'action': 'run_model', 'label': '060f3c0c-72b5-4b02-9e7f-0c68ed57334b', 'context': [<snowplow_tracker.self_describing_json.SelfDescribingJson object at 0x000001B20F160AD0>]}
[0m15:12:11.803314 [info ] [Thread-4 (]: 13 of 13 OK created sql incremental model CHEDDR_WEDDR.fct__weather ............ [[32mSUCCESS 0[0m in 2.16s]
[0m15:12:11.804830 [debug] [Thread-4 (]: Finished running node model.cheddr_weddr.fct__weather
[0m15:12:11.808539 [info ] [MainThread]: 
[0m15:12:11.830930 [info ] [MainThread]: Running dbt Constraints
[0m15:12:11.945183 [info ] [MainThread]: Finished dbt Constraints
[0m15:12:11.946835 [debug] [MainThread]: Writing injected SQL for node "operation.dbt_constraints.dbt_constraints-on-run-end-0"
[0m15:12:11.951848 [info ] [MainThread]: 1 of 1 START hook: dbt_constraints.on-run-end.0 ................................ [RUN]
[0m15:12:11.952845 [info ] [MainThread]: 1 of 1 OK hook: dbt_constraints.on-run-end.0 ................................... [[32mOK[0m in 0.14s]
[0m15:12:11.953853 [debug] [MainThread]: Connection 'master' was properly closed.
[0m15:12:11.954967 [debug] [MainThread]: Connection 'list_DEV' was left open.
[0m15:12:11.956935 [debug] [MainThread]: On list_DEV: Close
[0m15:12:12.083000 [debug] [MainThread]: Connection 'list_DEV_CHEDDR_WEDDR' was left open.
[0m15:12:12.084012 [debug] [MainThread]: On list_DEV_CHEDDR_WEDDR: Close
[0m15:12:12.222266 [debug] [MainThread]: Connection 'model.cheddr_weddr.fct__satellite_radiation' was left open.
[0m15:12:12.223268 [debug] [MainThread]: On model.cheddr_weddr.fct__satellite_radiation: Close
[0m15:12:12.351994 [debug] [MainThread]: Connection 'model.cheddr_weddr.fct__flood' was left open.
[0m15:12:12.353205 [debug] [MainThread]: On model.cheddr_weddr.fct__flood: Close
[0m15:12:12.526972 [debug] [MainThread]: Connection 'model.cheddr_weddr.fct__air_quality' was left open.
[0m15:12:12.527974 [debug] [MainThread]: On model.cheddr_weddr.fct__air_quality: Close
[0m15:12:12.663893 [debug] [MainThread]: Connection 'model.cheddr_weddr.fct__weather' was left open.
[0m15:12:12.664893 [debug] [MainThread]: On model.cheddr_weddr.fct__weather: Close
[0m15:12:12.792996 [info ] [MainThread]: 
[0m15:12:12.794964 [info ] [MainThread]: Finished running 4 incremental models, 1 project hook, 5 table models, 4 view models in 0 hours 0 minutes and 9.40 seconds (9.40s).
[0m15:12:12.803452 [debug] [MainThread]: Command end result
[0m15:12:12.869850 [debug] [MainThread]: Wrote artifact WritableManifest to C:\Users\sammy\projects\portfolio\weather_cheddr-weddr\dbt\cheddr_weddr\target\manifest.json
[0m15:12:12.873847 [debug] [MainThread]: Wrote artifact SemanticManifest to C:\Users\sammy\projects\portfolio\weather_cheddr-weddr\dbt\cheddr_weddr\target\semantic_manifest.json
[0m15:12:12.881216 [debug] [MainThread]: Wrote artifact RunExecutionResult to C:\Users\sammy\projects\portfolio\weather_cheddr-weddr\dbt\cheddr_weddr\target\run_results.json
[0m15:12:12.882414 [info ] [MainThread]: 
[0m15:12:12.883414 [info ] [MainThread]: [32mCompleted successfully[0m
[0m15:12:12.885794 [info ] [MainThread]: 
[0m15:12:12.886794 [info ] [MainThread]: Done. PASS=14 WARN=0 ERROR=0 SKIP=0 NO-OP=0 TOTAL=14
[0m15:12:12.888316 [debug] [MainThread]: Command `dbt run` succeeded at 15:12:12.888316 after 11.50 seconds
[0m15:12:12.889830 [debug] [MainThread]: Sending event: {'category': 'dbt', 'action': 'invocation', 'label': 'end', 'context': [<snowplow_tracker.self_describing_json.SelfDescribingJson object at 0x000001B20B92FF10>, <snowplow_tracker.self_describing_json.SelfDescribingJson object at 0x000001B20B92FFD0>, <snowplow_tracker.self_describing_json.SelfDescribingJson object at 0x000001B209A09C10>]}
[0m15:12:12.889830 [debug] [MainThread]: Flushing usage events
[0m15:12:13.740524 [debug] [MainThread]: An error was encountered while trying to flush usage events
